Archive member included to satisfy reference by file (symbol)

/home/Jason/edk2_workspace/edk2_UDK2018/edk2-vUDK2018/Build/MdeModule/DEBUG_GCC5/X64/MdePkg/Library/BaseDebugPrintErrorLevelLib/BaseDebugPrintErrorLevelLib/OUTPUT/BaseDebugPrintErrorLevelLib.lib(BaseDebugPrintErrorLevelLib.obj)
                              (--whole-archive)
/home/Jason/edk2_workspace/edk2_UDK2018/edk2-vUDK2018/Build/MdeModule/DEBUG_GCC5/X64/MdePkg/Library/BasePrintLib/BasePrintLib/OUTPUT/BasePrintLib.lib(PrintLibInternal.obj)
                              (--whole-archive)
/home/Jason/edk2_workspace/edk2_UDK2018/edk2-vUDK2018/Build/MdeModule/DEBUG_GCC5/X64/MdePkg/Library/BasePrintLib/BasePrintLib/OUTPUT/BasePrintLib.lib(PrintLib.obj)
                              (--whole-archive)
/home/Jason/edk2_workspace/edk2_UDK2018/edk2-vUDK2018/Build/MdeModule/DEBUG_GCC5/X64/MdePkg/Library/BaseLib/BaseLib/OUTPUT/BaseLib.lib(CheckSum.obj)
                              (--whole-archive)
/home/Jason/edk2_workspace/edk2_UDK2018/edk2-vUDK2018/Build/MdeModule/DEBUG_GCC5/X64/MdePkg/Library/BaseLib/BaseLib/OUTPUT/BaseLib.lib(SwitchStack.obj)
                              (--whole-archive)
/home/Jason/edk2_workspace/edk2_UDK2018/edk2-vUDK2018/Build/MdeModule/DEBUG_GCC5/X64/MdePkg/Library/BaseLib/BaseLib/OUTPUT/BaseLib.lib(SwapBytes64.obj)
                              (--whole-archive)
/home/Jason/edk2_workspace/edk2_UDK2018/edk2-vUDK2018/Build/MdeModule/DEBUG_GCC5/X64/MdePkg/Library/BaseLib/BaseLib/OUTPUT/BaseLib.lib(SwapBytes32.obj)
                              (--whole-archive)
/home/Jason/edk2_workspace/edk2_UDK2018/edk2-vUDK2018/Build/MdeModule/DEBUG_GCC5/X64/MdePkg/Library/BaseLib/BaseLib/OUTPUT/BaseLib.lib(SwapBytes16.obj)
                              (--whole-archive)
/home/Jason/edk2_workspace/edk2_UDK2018/edk2-vUDK2018/Build/MdeModule/DEBUG_GCC5/X64/MdePkg/Library/BaseLib/BaseLib/OUTPUT/BaseLib.lib(LongJump.obj)
                              (--whole-archive)
/home/Jason/edk2_workspace/edk2_UDK2018/edk2-vUDK2018/Build/MdeModule/DEBUG_GCC5/X64/MdePkg/Library/BaseLib/BaseLib/OUTPUT/BaseLib.lib(SetJump.obj)
                              (--whole-archive)
/home/Jason/edk2_workspace/edk2_UDK2018/edk2-vUDK2018/Build/MdeModule/DEBUG_GCC5/X64/MdePkg/Library/BaseLib/BaseLib/OUTPUT/BaseLib.lib(RShiftU64.obj)
                              (--whole-archive)
/home/Jason/edk2_workspace/edk2_UDK2018/edk2-vUDK2018/Build/MdeModule/DEBUG_GCC5/X64/MdePkg/Library/BaseLib/BaseLib/OUTPUT/BaseLib.lib(RRotU64.obj)
                              (--whole-archive)
/home/Jason/edk2_workspace/edk2_UDK2018/edk2-vUDK2018/Build/MdeModule/DEBUG_GCC5/X64/MdePkg/Library/BaseLib/BaseLib/OUTPUT/BaseLib.lib(RRotU32.obj)
                              (--whole-archive)
/home/Jason/edk2_workspace/edk2_UDK2018/edk2-vUDK2018/Build/MdeModule/DEBUG_GCC5/X64/MdePkg/Library/BaseLib/BaseLib/OUTPUT/BaseLib.lib(MultU64x64.obj)
                              (--whole-archive)
/home/Jason/edk2_workspace/edk2_UDK2018/edk2-vUDK2018/Build/MdeModule/DEBUG_GCC5/X64/MdePkg/Library/BaseLib/BaseLib/OUTPUT/BaseLib.lib(MultU64x32.obj)
                              (--whole-archive)
/home/Jason/edk2_workspace/edk2_UDK2018/edk2-vUDK2018/Build/MdeModule/DEBUG_GCC5/X64/MdePkg/Library/BaseLib/BaseLib/OUTPUT/BaseLib.lib(MultS64x64.obj)
                              (--whole-archive)
/home/Jason/edk2_workspace/edk2_UDK2018/edk2-vUDK2018/Build/MdeModule/DEBUG_GCC5/X64/MdePkg/Library/BaseLib/BaseLib/OUTPUT/BaseLib.lib(ModU64x32.obj)
                              (--whole-archive)
/home/Jason/edk2_workspace/edk2_UDK2018/edk2-vUDK2018/Build/MdeModule/DEBUG_GCC5/X64/MdePkg/Library/BaseLib/BaseLib/OUTPUT/BaseLib.lib(LShiftU64.obj)
                              (--whole-archive)
/home/Jason/edk2_workspace/edk2_UDK2018/edk2-vUDK2018/Build/MdeModule/DEBUG_GCC5/X64/MdePkg/Library/BaseLib/BaseLib/OUTPUT/BaseLib.lib(LRotU64.obj)
                              (--whole-archive)
/home/Jason/edk2_workspace/edk2_UDK2018/edk2-vUDK2018/Build/MdeModule/DEBUG_GCC5/X64/MdePkg/Library/BaseLib/BaseLib/OUTPUT/BaseLib.lib(LRotU32.obj)
                              (--whole-archive)
/home/Jason/edk2_workspace/edk2_UDK2018/edk2-vUDK2018/Build/MdeModule/DEBUG_GCC5/X64/MdePkg/Library/BaseLib/BaseLib/OUTPUT/BaseLib.lib(LowBitSet64.obj)
                              (--whole-archive)
/home/Jason/edk2_workspace/edk2_UDK2018/edk2-vUDK2018/Build/MdeModule/DEBUG_GCC5/X64/MdePkg/Library/BaseLib/BaseLib/OUTPUT/BaseLib.lib(LowBitSet32.obj)
                              (--whole-archive)
/home/Jason/edk2_workspace/edk2_UDK2018/edk2-vUDK2018/Build/MdeModule/DEBUG_GCC5/X64/MdePkg/Library/BaseLib/BaseLib/OUTPUT/BaseLib.lib(HighBitSet64.obj)
                              (--whole-archive)
/home/Jason/edk2_workspace/edk2_UDK2018/edk2-vUDK2018/Build/MdeModule/DEBUG_GCC5/X64/MdePkg/Library/BaseLib/BaseLib/OUTPUT/BaseLib.lib(HighBitSet32.obj)
                              (--whole-archive)
/home/Jason/edk2_workspace/edk2_UDK2018/edk2-vUDK2018/Build/MdeModule/DEBUG_GCC5/X64/MdePkg/Library/BaseLib/BaseLib/OUTPUT/BaseLib.lib(GetPowerOfTwo64.obj)
                              (--whole-archive)
/home/Jason/edk2_workspace/edk2_UDK2018/edk2-vUDK2018/Build/MdeModule/DEBUG_GCC5/X64/MdePkg/Library/BaseLib/BaseLib/OUTPUT/BaseLib.lib(GetPowerOfTwo32.obj)
                              (--whole-archive)
/home/Jason/edk2_workspace/edk2_UDK2018/edk2-vUDK2018/Build/MdeModule/DEBUG_GCC5/X64/MdePkg/Library/BaseLib/BaseLib/OUTPUT/BaseLib.lib(DivU64x64Remainder.obj)
                              (--whole-archive)
/home/Jason/edk2_workspace/edk2_UDK2018/edk2-vUDK2018/Build/MdeModule/DEBUG_GCC5/X64/MdePkg/Library/BaseLib/BaseLib/OUTPUT/BaseLib.lib(DivU64x32Remainder.obj)
                              (--whole-archive)
/home/Jason/edk2_workspace/edk2_UDK2018/edk2-vUDK2018/Build/MdeModule/DEBUG_GCC5/X64/MdePkg/Library/BaseLib/BaseLib/OUTPUT/BaseLib.lib(DivU64x32.obj)
                              (--whole-archive)
/home/Jason/edk2_workspace/edk2_UDK2018/edk2-vUDK2018/Build/MdeModule/DEBUG_GCC5/X64/MdePkg/Library/BaseLib/BaseLib/OUTPUT/BaseLib.lib(DivS64x64Remainder.obj)
                              (--whole-archive)
/home/Jason/edk2_workspace/edk2_UDK2018/edk2-vUDK2018/Build/MdeModule/DEBUG_GCC5/X64/MdePkg/Library/BaseLib/BaseLib/OUTPUT/BaseLib.lib(ARShiftU64.obj)
                              (--whole-archive)
/home/Jason/edk2_workspace/edk2_UDK2018/edk2-vUDK2018/Build/MdeModule/DEBUG_GCC5/X64/MdePkg/Library/BaseLib/BaseLib/OUTPUT/BaseLib.lib(BitField.obj)
                              (--whole-archive)
/home/Jason/edk2_workspace/edk2_UDK2018/edk2-vUDK2018/Build/MdeModule/DEBUG_GCC5/X64/MdePkg/Library/BaseLib/BaseLib/OUTPUT/BaseLib.lib(CpuDeadLoop.obj)
                              (--whole-archive)
/home/Jason/edk2_workspace/edk2_UDK2018/edk2-vUDK2018/Build/MdeModule/DEBUG_GCC5/X64/MdePkg/Library/BaseLib/BaseLib/OUTPUT/BaseLib.lib(Cpu.obj)
                              (--whole-archive)
/home/Jason/edk2_workspace/edk2_UDK2018/edk2-vUDK2018/Build/MdeModule/DEBUG_GCC5/X64/MdePkg/Library/BaseLib/BaseLib/OUTPUT/BaseLib.lib(LinkedList.obj)
                              (--whole-archive)
/home/Jason/edk2_workspace/edk2_UDK2018/edk2-vUDK2018/Build/MdeModule/DEBUG_GCC5/X64/MdePkg/Library/BaseLib/BaseLib/OUTPUT/BaseLib.lib(SafeString.obj)
                              (--whole-archive)
/home/Jason/edk2_workspace/edk2_UDK2018/edk2-vUDK2018/Build/MdeModule/DEBUG_GCC5/X64/MdePkg/Library/BaseLib/BaseLib/OUTPUT/BaseLib.lib(String.obj)
                              (--whole-archive)
/home/Jason/edk2_workspace/edk2_UDK2018/edk2-vUDK2018/Build/MdeModule/DEBUG_GCC5/X64/MdePkg/Library/BaseLib/BaseLib/OUTPUT/BaseLib.lib(FilePaths.obj)
                              (--whole-archive)
/home/Jason/edk2_workspace/edk2_UDK2018/edk2-vUDK2018/Build/MdeModule/DEBUG_GCC5/X64/MdePkg/Library/BaseLib/BaseLib/OUTPUT/BaseLib.lib(Thunk16.obj)
                              (--whole-archive)
/home/Jason/edk2_workspace/edk2_UDK2018/edk2-vUDK2018/Build/MdeModule/DEBUG_GCC5/X64/MdePkg/Library/BaseLib/BaseLib/OUTPUT/BaseLib.lib(WriteTr.obj)
                              (--whole-archive)
/home/Jason/edk2_workspace/edk2_UDK2018/edk2-vUDK2018/Build/MdeModule/DEBUG_GCC5/X64/MdePkg/Library/BaseLib/BaseLib/OUTPUT/BaseLib.lib(Non-existing.obj)
                              (--whole-archive)
/home/Jason/edk2_workspace/edk2_UDK2018/edk2-vUDK2018/Build/MdeModule/DEBUG_GCC5/X64/MdePkg/Library/BaseLib/BaseLib/OUTPUT/BaseLib.lib(Math64.obj)
                              (--whole-archive)
/home/Jason/edk2_workspace/edk2_UDK2018/edk2-vUDK2018/Build/MdeModule/DEBUG_GCC5/X64/MdePkg/Library/BaseLib/BaseLib/OUTPUT/BaseLib.lib(Unaligned.obj)
                              (--whole-archive)
/home/Jason/edk2_workspace/edk2_UDK2018/edk2-vUDK2018/Build/MdeModule/DEBUG_GCC5/X64/MdePkg/Library/BaseLib/BaseLib/OUTPUT/BaseLib.lib(X86WriteIdtr.obj)
                              (--whole-archive)
/home/Jason/edk2_workspace/edk2_UDK2018/edk2-vUDK2018/Build/MdeModule/DEBUG_GCC5/X64/MdePkg/Library/BaseLib/BaseLib/OUTPUT/BaseLib.lib(X86WriteGdtr.obj)
                              (--whole-archive)
/home/Jason/edk2_workspace/edk2_UDK2018/edk2-vUDK2018/Build/MdeModule/DEBUG_GCC5/X64/MdePkg/Library/BaseLib/BaseLib/OUTPUT/BaseLib.lib(X86Thunk.obj)
                              (--whole-archive)
/home/Jason/edk2_workspace/edk2_UDK2018/edk2-vUDK2018/Build/MdeModule/DEBUG_GCC5/X64/MdePkg/Library/BaseLib/BaseLib/OUTPUT/BaseLib.lib(X86ReadIdtr.obj)
                              (--whole-archive)
/home/Jason/edk2_workspace/edk2_UDK2018/edk2-vUDK2018/Build/MdeModule/DEBUG_GCC5/X64/MdePkg/Library/BaseLib/BaseLib/OUTPUT/BaseLib.lib(X86ReadGdtr.obj)
                              (--whole-archive)
/home/Jason/edk2_workspace/edk2_UDK2018/edk2-vUDK2018/Build/MdeModule/DEBUG_GCC5/X64/MdePkg/Library/BaseLib/BaseLib/OUTPUT/BaseLib.lib(X86Msr.obj)
                              (--whole-archive)
/home/Jason/edk2_workspace/edk2_UDK2018/edk2-vUDK2018/Build/MdeModule/DEBUG_GCC5/X64/MdePkg/Library/BaseLib/BaseLib/OUTPUT/BaseLib.lib(X86GetInterruptState.obj)
                              (--whole-archive)
/home/Jason/edk2_workspace/edk2_UDK2018/edk2-vUDK2018/Build/MdeModule/DEBUG_GCC5/X64/MdePkg/Library/BaseLib/BaseLib/OUTPUT/BaseLib.lib(X86FxSave.obj)
                              (--whole-archive)
/home/Jason/edk2_workspace/edk2_UDK2018/edk2-vUDK2018/Build/MdeModule/DEBUG_GCC5/X64/MdePkg/Library/BaseLib/BaseLib/OUTPUT/BaseLib.lib(X86FxRestore.obj)
                              (--whole-archive)
/home/Jason/edk2_workspace/edk2_UDK2018/edk2-vUDK2018/Build/MdeModule/DEBUG_GCC5/X64/MdePkg/Library/BaseLib/BaseLib/OUTPUT/BaseLib.lib(X86EnablePaging64.obj)
                              (--whole-archive)
/home/Jason/edk2_workspace/edk2_UDK2018/edk2-vUDK2018/Build/MdeModule/DEBUG_GCC5/X64/MdePkg/Library/BaseLib/BaseLib/OUTPUT/BaseLib.lib(X86EnablePaging32.obj)
                              (--whole-archive)
/home/Jason/edk2_workspace/edk2_UDK2018/edk2-vUDK2018/Build/MdeModule/DEBUG_GCC5/X64/MdePkg/Library/BaseLib/BaseLib/OUTPUT/BaseLib.lib(X86DisablePaging64.obj)
                              (--whole-archive)
/home/Jason/edk2_workspace/edk2_UDK2018/edk2-vUDK2018/Build/MdeModule/DEBUG_GCC5/X64/MdePkg/Library/BaseLib/BaseLib/OUTPUT/BaseLib.lib(X86DisablePaging32.obj)
                              (--whole-archive)
/home/Jason/edk2_workspace/edk2_UDK2018/edk2-vUDK2018/Build/MdeModule/DEBUG_GCC5/X64/MdePkg/Library/BaseLib/BaseLib/OUTPUT/BaseLib.lib(X86RdRand.obj)
                              (--whole-archive)
/home/Jason/edk2_workspace/edk2_UDK2018/edk2-vUDK2018/Build/MdeModule/DEBUG_GCC5/X64/MdePkg/Library/BaseLib/BaseLib/OUTPUT/BaseLib.lib(GccInline.obj)
                              (--whole-archive)
/home/Jason/edk2_workspace/edk2_UDK2018/edk2-vUDK2018/Build/MdeModule/DEBUG_GCC5/X64/MdePkg/Library/BaseLib/BaseLib/OUTPUT/BaseLib.lib(SwitchStack.obj)
                              (--whole-archive)
/home/Jason/edk2_workspace/edk2_UDK2018/edk2-vUDK2018/Build/MdeModule/DEBUG_GCC5/X64/MdePkg/Library/BaseLib/BaseLib/OUTPUT/BaseLib.lib(SetJump.obj)
                              (--whole-archive)
/home/Jason/edk2_workspace/edk2_UDK2018/edk2-vUDK2018/Build/MdeModule/DEBUG_GCC5/X64/MdePkg/Library/BaseLib/BaseLib/OUTPUT/BaseLib.lib(LongJump.obj)
                              (--whole-archive)
/home/Jason/edk2_workspace/edk2_UDK2018/edk2-vUDK2018/Build/MdeModule/DEBUG_GCC5/X64/MdePkg/Library/BaseLib/BaseLib/OUTPUT/BaseLib.lib(EnableDisableInterrupts.obj)
                              (--whole-archive)
/home/Jason/edk2_workspace/edk2_UDK2018/edk2-vUDK2018/Build/MdeModule/DEBUG_GCC5/X64/MdePkg/Library/BaseLib/BaseLib/OUTPUT/BaseLib.lib(DisablePaging64.obj)
                              (--whole-archive)
/home/Jason/edk2_workspace/edk2_UDK2018/edk2-vUDK2018/Build/MdeModule/DEBUG_GCC5/X64/MdePkg/Library/BaseLib/BaseLib/OUTPUT/BaseLib.lib(CpuId.obj)
                              (--whole-archive)
/home/Jason/edk2_workspace/edk2_UDK2018/edk2-vUDK2018/Build/MdeModule/DEBUG_GCC5/X64/MdePkg/Library/BaseLib/BaseLib/OUTPUT/BaseLib.lib(CpuIdEx.obj)
                              (--whole-archive)
/home/Jason/edk2_workspace/edk2_UDK2018/edk2-vUDK2018/Build/MdeModule/DEBUG_GCC5/X64/MdePkg/Library/BaseLib/BaseLib/OUTPUT/BaseLib.lib(EnableCache.obj)
                              (--whole-archive)
/home/Jason/edk2_workspace/edk2_UDK2018/edk2-vUDK2018/Build/MdeModule/DEBUG_GCC5/X64/MdePkg/Library/BaseLib/BaseLib/OUTPUT/BaseLib.lib(DisableCache.obj)
                              (--whole-archive)
/home/Jason/edk2_workspace/edk2_UDK2018/edk2-vUDK2018/Build/MdeModule/DEBUG_GCC5/X64/MdePkg/Library/BaseLib/BaseLib/OUTPUT/BaseLib.lib(RdRand.obj)
                              (--whole-archive)
/home/Jason/edk2_workspace/edk2_UDK2018/edk2-vUDK2018/Build/MdeModule/DEBUG_GCC5/X64/MdePkg/Library/BaseLib/BaseLib/OUTPUT/BaseLib.lib(ChkStkGcc.obj)
                              (--whole-archive)
/home/Jason/edk2_workspace/edk2_UDK2018/edk2-vUDK2018/Build/MdeModule/DEBUG_GCC5/X64/MdePkg/Library/BaseMemoryLib/BaseMemoryLib/OUTPUT/BaseMemoryLib.lib(SetMem.obj)
                              (--whole-archive)
/home/Jason/edk2_workspace/edk2_UDK2018/edk2-vUDK2018/Build/MdeModule/DEBUG_GCC5/X64/MdePkg/Library/BaseMemoryLib/BaseMemoryLib/OUTPUT/BaseMemoryLib.lib(ScanMem64Wrapper.obj)
                              (--whole-archive)
/home/Jason/edk2_workspace/edk2_UDK2018/edk2-vUDK2018/Build/MdeModule/DEBUG_GCC5/X64/MdePkg/Library/BaseMemoryLib/BaseMemoryLib/OUTPUT/BaseMemoryLib.lib(ScanMem32Wrapper.obj)
                              (--whole-archive)
/home/Jason/edk2_workspace/edk2_UDK2018/edk2-vUDK2018/Build/MdeModule/DEBUG_GCC5/X64/MdePkg/Library/BaseMemoryLib/BaseMemoryLib/OUTPUT/BaseMemoryLib.lib(ScanMem16Wrapper.obj)
                              (--whole-archive)
/home/Jason/edk2_workspace/edk2_UDK2018/edk2-vUDK2018/Build/MdeModule/DEBUG_GCC5/X64/MdePkg/Library/BaseMemoryLib/BaseMemoryLib/OUTPUT/BaseMemoryLib.lib(ScanMem8Wrapper.obj)
                              (--whole-archive)
/home/Jason/edk2_workspace/edk2_UDK2018/edk2-vUDK2018/Build/MdeModule/DEBUG_GCC5/X64/MdePkg/Library/BaseMemoryLib/BaseMemoryLib/OUTPUT/BaseMemoryLib.lib(ZeroMemWrapper.obj)
                              (--whole-archive)
/home/Jason/edk2_workspace/edk2_UDK2018/edk2-vUDK2018/Build/MdeModule/DEBUG_GCC5/X64/MdePkg/Library/BaseMemoryLib/BaseMemoryLib/OUTPUT/BaseMemoryLib.lib(CompareMemWrapper.obj)
                              (--whole-archive)
/home/Jason/edk2_workspace/edk2_UDK2018/edk2-vUDK2018/Build/MdeModule/DEBUG_GCC5/X64/MdePkg/Library/BaseMemoryLib/BaseMemoryLib/OUTPUT/BaseMemoryLib.lib(SetMem64Wrapper.obj)
                              (--whole-archive)
/home/Jason/edk2_workspace/edk2_UDK2018/edk2-vUDK2018/Build/MdeModule/DEBUG_GCC5/X64/MdePkg/Library/BaseMemoryLib/BaseMemoryLib/OUTPUT/BaseMemoryLib.lib(SetMem32Wrapper.obj)
                              (--whole-archive)
/home/Jason/edk2_workspace/edk2_UDK2018/edk2-vUDK2018/Build/MdeModule/DEBUG_GCC5/X64/MdePkg/Library/BaseMemoryLib/BaseMemoryLib/OUTPUT/BaseMemoryLib.lib(SetMem16Wrapper.obj)
                              (--whole-archive)
/home/Jason/edk2_workspace/edk2_UDK2018/edk2-vUDK2018/Build/MdeModule/DEBUG_GCC5/X64/MdePkg/Library/BaseMemoryLib/BaseMemoryLib/OUTPUT/BaseMemoryLib.lib(SetMemWrapper.obj)
                              (--whole-archive)
/home/Jason/edk2_workspace/edk2_UDK2018/edk2-vUDK2018/Build/MdeModule/DEBUG_GCC5/X64/MdePkg/Library/BaseMemoryLib/BaseMemoryLib/OUTPUT/BaseMemoryLib.lib(CopyMemWrapper.obj)
                              (--whole-archive)
/home/Jason/edk2_workspace/edk2_UDK2018/edk2-vUDK2018/Build/MdeModule/DEBUG_GCC5/X64/MdePkg/Library/BaseMemoryLib/BaseMemoryLib/OUTPUT/BaseMemoryLib.lib(IsZeroBufferWrapper.obj)
                              (--whole-archive)
/home/Jason/edk2_workspace/edk2_UDK2018/edk2-vUDK2018/Build/MdeModule/DEBUG_GCC5/X64/MdePkg/Library/BaseMemoryLib/BaseMemoryLib/OUTPUT/BaseMemoryLib.lib(MemLibGeneric.obj)
                              (--whole-archive)
/home/Jason/edk2_workspace/edk2_UDK2018/edk2-vUDK2018/Build/MdeModule/DEBUG_GCC5/X64/MdePkg/Library/BaseMemoryLib/BaseMemoryLib/OUTPUT/BaseMemoryLib.lib(MemLibGuid.obj)
                              (--whole-archive)
/home/Jason/edk2_workspace/edk2_UDK2018/edk2-vUDK2018/Build/MdeModule/DEBUG_GCC5/X64/MdePkg/Library/BaseMemoryLib/BaseMemoryLib/OUTPUT/BaseMemoryLib.lib(CopyMem.obj)
                              (--whole-archive)
/home/Jason/edk2_workspace/edk2_UDK2018/edk2-vUDK2018/Build/MdeModule/DEBUG_GCC5/X64/MdePkg/Library/UefiDebugLibStdErr/UefiDebugLibStdErr/OUTPUT/UefiDebugLibStdErr.lib(DebugLib.obj)
                              (--whole-archive)
/home/Jason/edk2_workspace/edk2_UDK2018/edk2-vUDK2018/Build/MdeModule/DEBUG_GCC5/X64/MdePkg/Library/BasePcdLibNull/BasePcdLibNull/OUTPUT/BasePcdLibNull.lib(PcdLib.obj)
                              (--whole-archive)
/home/Jason/edk2_workspace/edk2_UDK2018/edk2-vUDK2018/Build/MdeModule/DEBUG_GCC5/X64/MdePkg/Library/UefiBootServicesTableLib/UefiBootServicesTableLib/OUTPUT/UefiBootServicesTableLib.lib(UefiBootServicesTableLib.obj)
                              (--whole-archive)
/home/Jason/edk2_workspace/edk2_UDK2018/edk2-vUDK2018/Build/MdeModule/DEBUG_GCC5/X64/MdePkg/Library/UefiMemoryAllocationLib/UefiMemoryAllocationLib/OUTPUT/UefiMemoryAllocationLib.lib(MemoryAllocationLib.obj)
                              (--whole-archive)
/home/Jason/edk2_workspace/edk2_UDK2018/edk2-vUDK2018/Build/MdeModule/DEBUG_GCC5/X64/MdePkg/Library/UefiRuntimeServicesTableLib/UefiRuntimeServicesTableLib/OUTPUT/UefiRuntimeServicesTableLib.lib(UefiRuntimeServicesTableLib.obj)
                              (--whole-archive)
/home/Jason/edk2_workspace/edk2_UDK2018/edk2-vUDK2018/Build/MdeModule/DEBUG_GCC5/X64/MdePkg/Library/UefiDevicePathLib/UefiDevicePathLib/OUTPUT/UefiDevicePathLib.lib(DevicePathUtilities.obj)
                              (--whole-archive)
/home/Jason/edk2_workspace/edk2_UDK2018/edk2-vUDK2018/Build/MdeModule/DEBUG_GCC5/X64/MdePkg/Library/UefiDevicePathLib/UefiDevicePathLib/OUTPUT/UefiDevicePathLib.lib(DevicePathToText.obj)
                              (--whole-archive)
/home/Jason/edk2_workspace/edk2_UDK2018/edk2-vUDK2018/Build/MdeModule/DEBUG_GCC5/X64/MdePkg/Library/UefiDevicePathLib/UefiDevicePathLib/OUTPUT/UefiDevicePathLib.lib(DevicePathFromText.obj)
                              (--whole-archive)
/home/Jason/edk2_workspace/edk2_UDK2018/edk2-vUDK2018/Build/MdeModule/DEBUG_GCC5/X64/MdePkg/Library/UefiDevicePathLib/UefiDevicePathLib/OUTPUT/UefiDevicePathLib.lib(UefiDevicePathLib.obj)
                              (--whole-archive)
/home/Jason/edk2_workspace/edk2_UDK2018/edk2-vUDK2018/Build/MdeModule/DEBUG_GCC5/X64/MdePkg/Library/UefiApplicationEntryPoint/UefiApplicationEntryPoint/OUTPUT/UefiApplicationEntryPoint.lib(ApplicationEntryPoint.obj)
                              (--whole-archive)
/home/Jason/edk2_workspace/edk2_UDK2018/edk2-vUDK2018/Build/MdeModule/DEBUG_GCC5/X64/MdePkg/Library/UefiLib/UefiLib/OUTPUT/UefiLib.lib(UefiLibPrint.obj)
                              (--whole-archive)
/home/Jason/edk2_workspace/edk2_UDK2018/edk2-vUDK2018/Build/MdeModule/DEBUG_GCC5/X64/MdePkg/Library/UefiLib/UefiLib/OUTPUT/UefiLib.lib(UefiNotTiano.obj)
                              (--whole-archive)
/home/Jason/edk2_workspace/edk2_UDK2018/edk2-vUDK2018/Build/MdeModule/DEBUG_GCC5/X64/MdePkg/Library/UefiLib/UefiLib/OUTPUT/UefiLib.lib(UefiDriverModel.obj)
                              (--whole-archive)
/home/Jason/edk2_workspace/edk2_UDK2018/edk2-vUDK2018/Build/MdeModule/DEBUG_GCC5/X64/MdePkg/Library/UefiLib/UefiLib/OUTPUT/UefiLib.lib(Console.obj)
                              (--whole-archive)
/home/Jason/edk2_workspace/edk2_UDK2018/edk2-vUDK2018/Build/MdeModule/DEBUG_GCC5/X64/MdePkg/Library/UefiLib/UefiLib/OUTPUT/UefiLib.lib(UefiLib.obj)
                              (--whole-archive)
/home/Jason/edk2_workspace/edk2_UDK2018/edk2-vUDK2018/Build/MdeModule/DEBUG_GCC5/X64/MdeModulePkg/Application/HelloWorld/HelloWorld/OUTPUT/HelloWorld.lib(HelloWorld.obj)
                              (--whole-archive)
/home/Jason/edk2_workspace/edk2_UDK2018/edk2-vUDK2018/Build/MdeModule/DEBUG_GCC5/X64/MdeModulePkg/Application/HelloWorld/HelloWorld/OUTPUT/HelloWorld.lib(AutoGen.obj)
                              (--whole-archive)

Discarded input sections

 .text          0x0000000000000000        0x0 /tmp/ccZs0b5i.ltrans0.ltrans.o
 .data          0x0000000000000000        0x0 /tmp/ccZs0b5i.ltrans0.ltrans.o
 .bss           0x0000000000000000        0x0 /tmp/ccZs0b5i.ltrans0.ltrans.o
 .text.InternalAssertJumpBuffer
                0x0000000000000000       0x56 /tmp/ccZs0b5i.ltrans0.ltrans.o
 .comment       0x0000000000000000       0x24 /tmp/ccZs0b5i.ltrans0.ltrans.o
 .note.GNU-stack
                0x0000000000000000        0x0 /tmp/ccZs0b5i.ltrans0.ltrans.o
 .text          0x0000000000000000      0x204 /home/Jason/edk2_workspace/edk2_UDK2018/edk2-vUDK2018/Build/MdeModule/DEBUG_GCC5/X64/MdePkg/Library/BaseLib/BaseLib/OUTPUT/BaseLib.lib(Thunk16.obj)
 .data          0x0000000000000000        0xa /home/Jason/edk2_workspace/edk2_UDK2018/edk2-vUDK2018/Build/MdeModule/DEBUG_GCC5/X64/MdePkg/Library/BaseLib/BaseLib/OUTPUT/BaseLib.lib(Thunk16.obj)
 .text          0x0000000000000000        0x6 /home/Jason/edk2_workspace/edk2_UDK2018/edk2-vUDK2018/Build/MdeModule/DEBUG_GCC5/X64/MdePkg/Library/BaseLib/BaseLib/OUTPUT/BaseLib.lib(WriteTr.obj)
 .text          0x0000000000000000        0xf /home/Jason/edk2_workspace/edk2_UDK2018/edk2-vUDK2018/Build/MdeModule/DEBUG_GCC5/X64/MdePkg/Library/BaseLib/BaseLib/OUTPUT/BaseLib.lib(SwitchStack.obj)
 .text          0x0000000000000000       0x8f /home/Jason/edk2_workspace/edk2_UDK2018/edk2-vUDK2018/Build/MdeModule/DEBUG_GCC5/X64/MdePkg/Library/BaseLib/BaseLib/OUTPUT/BaseLib.lib(SetJump.obj)
 .text          0x0000000000000000       0x7c /home/Jason/edk2_workspace/edk2_UDK2018/edk2-vUDK2018/Build/MdeModule/DEBUG_GCC5/X64/MdePkg/Library/BaseLib/BaseLib/OUTPUT/BaseLib.lib(LongJump.obj)
 .text          0x0000000000000000        0x3 /home/Jason/edk2_workspace/edk2_UDK2018/edk2-vUDK2018/Build/MdeModule/DEBUG_GCC5/X64/MdePkg/Library/BaseLib/BaseLib/OUTPUT/BaseLib.lib(EnableDisableInterrupts.obj)
 .text          0x0000000000000000       0x61 /home/Jason/edk2_workspace/edk2_UDK2018/edk2-vUDK2018/Build/MdeModule/DEBUG_GCC5/X64/MdePkg/Library/BaseLib/BaseLib/OUTPUT/BaseLib.lib(DisablePaging64.obj)
 .text          0x0000000000000000       0x27 /home/Jason/edk2_workspace/edk2_UDK2018/edk2-vUDK2018/Build/MdeModule/DEBUG_GCC5/X64/MdePkg/Library/BaseLib/BaseLib/OUTPUT/BaseLib.lib(CpuId.obj)
 .text          0x0000000000000000       0x2f /home/Jason/edk2_workspace/edk2_UDK2018/edk2-vUDK2018/Build/MdeModule/DEBUG_GCC5/X64/MdePkg/Library/BaseLib/BaseLib/OUTPUT/BaseLib.lib(CpuIdEx.obj)
 .text          0x0000000000000000       0x13 /home/Jason/edk2_workspace/edk2_UDK2018/edk2-vUDK2018/Build/MdeModule/DEBUG_GCC5/X64/MdePkg/Library/BaseLib/BaseLib/OUTPUT/BaseLib.lib(EnableCache.obj)
 .text          0x0000000000000000       0x13 /home/Jason/edk2_workspace/edk2_UDK2018/edk2-vUDK2018/Build/MdeModule/DEBUG_GCC5/X64/MdePkg/Library/BaseLib/BaseLib/OUTPUT/BaseLib.lib(DisableCache.obj)
 .text          0x0000000000000000       0x36 /home/Jason/edk2_workspace/edk2_UDK2018/edk2-vUDK2018/Build/MdeModule/DEBUG_GCC5/X64/MdePkg/Library/BaseLib/BaseLib/OUTPUT/BaseLib.lib(RdRand.obj)

Memory Configuration

Name             Origin             Length             Attributes
*default*        0x0000000000000000 0xffffffffffffffff

Linker script and memory map

LOAD /tmp/ccZs0b5i.ltrans0.ltrans.o
START GROUP
LOAD /home/Jason/edk2_workspace/edk2_UDK2018/edk2-vUDK2018/Build/MdeModule/DEBUG_GCC5/X64/MdePkg/Library/BaseDebugPrintErrorLevelLib/BaseDebugPrintErrorLevelLib/OUTPUT/BaseDebugPrintErrorLevelLib.lib
LOAD /home/Jason/edk2_workspace/edk2_UDK2018/edk2-vUDK2018/Build/MdeModule/DEBUG_GCC5/X64/MdePkg/Library/BasePrintLib/BasePrintLib/OUTPUT/BasePrintLib.lib
LOAD /home/Jason/edk2_workspace/edk2_UDK2018/edk2-vUDK2018/Build/MdeModule/DEBUG_GCC5/X64/MdePkg/Library/BaseLib/BaseLib/OUTPUT/BaseLib.lib
LOAD /home/Jason/edk2_workspace/edk2_UDK2018/edk2-vUDK2018/Build/MdeModule/DEBUG_GCC5/X64/MdePkg/Library/BaseMemoryLib/BaseMemoryLib/OUTPUT/BaseMemoryLib.lib
LOAD /home/Jason/edk2_workspace/edk2_UDK2018/edk2-vUDK2018/Build/MdeModule/DEBUG_GCC5/X64/MdePkg/Library/UefiDebugLibStdErr/UefiDebugLibStdErr/OUTPUT/UefiDebugLibStdErr.lib
LOAD /home/Jason/edk2_workspace/edk2_UDK2018/edk2-vUDK2018/Build/MdeModule/DEBUG_GCC5/X64/MdePkg/Library/BasePcdLibNull/BasePcdLibNull/OUTPUT/BasePcdLibNull.lib
LOAD /home/Jason/edk2_workspace/edk2_UDK2018/edk2-vUDK2018/Build/MdeModule/DEBUG_GCC5/X64/MdePkg/Library/UefiBootServicesTableLib/UefiBootServicesTableLib/OUTPUT/UefiBootServicesTableLib.lib
LOAD /home/Jason/edk2_workspace/edk2_UDK2018/edk2-vUDK2018/Build/MdeModule/DEBUG_GCC5/X64/MdePkg/Library/UefiMemoryAllocationLib/UefiMemoryAllocationLib/OUTPUT/UefiMemoryAllocationLib.lib
LOAD /home/Jason/edk2_workspace/edk2_UDK2018/edk2-vUDK2018/Build/MdeModule/DEBUG_GCC5/X64/MdePkg/Library/UefiRuntimeServicesTableLib/UefiRuntimeServicesTableLib/OUTPUT/UefiRuntimeServicesTableLib.lib
LOAD /home/Jason/edk2_workspace/edk2_UDK2018/edk2-vUDK2018/Build/MdeModule/DEBUG_GCC5/X64/MdePkg/Library/UefiDevicePathLib/UefiDevicePathLib/OUTPUT/UefiDevicePathLib.lib
LOAD /home/Jason/edk2_workspace/edk2_UDK2018/edk2-vUDK2018/Build/MdeModule/DEBUG_GCC5/X64/MdePkg/Library/UefiApplicationEntryPoint/UefiApplicationEntryPoint/OUTPUT/UefiApplicationEntryPoint.lib
LOAD /home/Jason/edk2_workspace/edk2_UDK2018/edk2-vUDK2018/Build/MdeModule/DEBUG_GCC5/X64/MdePkg/Library/UefiLib/UefiLib/OUTPUT/UefiLib.lib
LOAD /home/Jason/edk2_workspace/edk2_UDK2018/edk2-vUDK2018/Build/MdeModule/DEBUG_GCC5/X64/MdeModulePkg/Application/HelloWorld/HelloWorld/OUTPUT/HelloWorld.lib
LOAD /home/Jason/edk2_workspace/edk2_UDK2018/edk2-vUDK2018/Build/MdeModule/DEBUG_GCC5/X64/MdeModulePkg/Application/HelloWorld/HelloWorld/OUTPUT/HelloWorldhii.lib
END GROUP
                0x0000000000000228                PECOFF_HEADER_SIZE = 0x228
                0x0000000000000228                . = PECOFF_HEADER_SIZE

.text           0x0000000000000240     0x2108
 *(.text .text.* .stub .gnu.linkonce.t.*)
 .text.DebugAssertEnabled.2852
                0x0000000000000240        0x3 /tmp/ccZs0b5i.ltrans0.ltrans.o
 .text.AsciiStrnLenS.2854
                0x0000000000000243       0x2e /tmp/ccZs0b5i.ltrans0.ltrans.o
 .text.BasePrintLibFillBuffer.2862
                0x0000000000000271       0x37 /tmp/ccZs0b5i.ltrans0.ltrans.o
 .text.BasePrintLibSPrint.constprop.8.2851
                0x00000000000002a8       0xb8 /tmp/ccZs0b5i.ltrans0.ltrans.o
 .text.BasePrintLibSPrintMarker.constprop.7.2823
                0x0000000000000360     0x111b /tmp/ccZs0b5i.ltrans0.ltrans.o
 .text.UnicodeVSPrintAsciiFormat.2809
                0x000000000000147b       0xe9 /tmp/ccZs0b5i.ltrans0.ltrans.o
 .text.UnicodeSPrintAsciiFormat.constprop.6.2808
                0x0000000000001564       0x29 /tmp/ccZs0b5i.ltrans0.ltrans.o
 .text.DebugAssert.2792
                0x000000000000158d       0x5e /tmp/ccZs0b5i.ltrans0.ltrans.o
 .text.DebugPrint.constprop.4.2776
                0x00000000000015eb       0x65 /tmp/ccZs0b5i.ltrans0.ltrans.o
 .text.Print.constprop.0.2739
                0x0000000000001650      0x1fb /tmp/ccZs0b5i.ltrans0.ltrans.o
 .text.ReadUnaligned16.2779
                0x000000000000184b       0x37 /tmp/ccZs0b5i.ltrans0.ltrans.o
 .text.StrnLenS.2783
                0x0000000000001882       0x64 /tmp/ccZs0b5i.ltrans0.ltrans.o
 .text._ModuleEntryPoint
                0x00000000000018e6       0xd6 /tmp/ccZs0b5i.ltrans0.ltrans.o
                0x00000000000018e6                _ModuleEntryPoint
 *(.rodata .rodata.* .gnu.linkonce.r.*)
 .rodata.str1.1
                0x00000000000019bc      0x949 /tmp/ccZs0b5i.ltrans0.ltrans.o
                                        0x971 (size before relaxing)
 *fill*         0x0000000000002305        0xb 
 .rodata.mHexStr.2890
                0x0000000000002310       0x10 /tmp/ccZs0b5i.ltrans0.ltrans.o
 .rodata._gPcd_FixedAtBuild_PcdHelloWorldPrintString.2874
                0x0000000000002320       0x28 /tmp/ccZs0b5i.ltrans0.ltrans.o
 *(.got .got.*)
 .got           0x0000000000002348        0x0 BaseDebugPrintErrorLevelLib.obj (symbol from plugin)
 .got.plt       0x0000000000002348        0x0 BaseDebugPrintErrorLevelLib.obj (symbol from plugin)
 *:AutoGen.obj(.data.g*Guid)

.plt            0x0000000000002350        0x0
 .plt           0x0000000000002350        0x0 BaseDebugPrintErrorLevelLib.obj (symbol from plugin)

.plt.got        0x0000000000002348        0x0
 .plt.got       0x0000000000002348        0x0 BaseDebugPrintErrorLevelLib.obj (symbol from plugin)

.data           0x0000000000002380      0x158
 *(.data .data.* .gnu.linkonce.d.*)
 .data.rel.ro.local.mStatusString.2889
                0x0000000000002380      0x138 /tmp/ccZs0b5i.ltrans0.ltrans.o
 .data.rel.ro   0x00000000000024b8        0x0 BaseDebugPrintErrorLevelLib.obj (symbol from plugin)
 *(.bss .bss.*)
 .bss.gBS.2872  0x00000000000024b8        0x8 /tmp/ccZs0b5i.ltrans0.ltrans.o
 .bss.gST.2871  0x00000000000024c0        0x8 /tmp/ccZs0b5i.ltrans0.ltrans.o
 .bss.gImageHandle.2870
                0x00000000000024c8        0x8 /tmp/ccZs0b5i.ltrans0.ltrans.o
 .bss.gRT.2873  0x00000000000024d0        0x8 /tmp/ccZs0b5i.ltrans0.ltrans.o

.eh_frame       0x0000000000002500        0x0
 *(.eh_frame)
 .eh_frame      0x0000000000002500        0x0 BaseDebugPrintErrorLevelLib.obj (symbol from plugin)
 .eh_frame      0x0000000000002500        0x0 BaseDebugPrintErrorLevelLib.obj (symbol from plugin)

.dynbss         0x0000000000002500        0x0
 .dynbss        0x0000000000002500        0x0 BaseDebugPrintErrorLevelLib.obj (symbol from plugin)

.gnu.version_d  0x0000000000002500        0x0
 .gnu.version_d
                0x0000000000002500        0x0 BaseDebugPrintErrorLevelLib.obj (symbol from plugin)

.gnu.version    0x0000000000002500        0x0
 .gnu.version   0x0000000000002500        0x0 BaseDebugPrintErrorLevelLib.obj (symbol from plugin)

.gnu.version_r  0x0000000000002500        0x0
 .gnu.version_r
                0x0000000000002500        0x0 BaseDebugPrintErrorLevelLib.obj (symbol from plugin)

.rela           0x0000000000002500      0x3a8
 *(.rela .rela.*)
 .rela.plt      0x0000000000002500        0x0 BaseDebugPrintErrorLevelLib.obj (symbol from plugin)
 .rela.got      0x0000000000002500        0x0 BaseDebugPrintErrorLevelLib.obj (symbol from plugin)
 .rela.bss      0x0000000000002500        0x0 BaseDebugPrintErrorLevelLib.obj (symbol from plugin)
 .rela.data.rel.ro
                0x0000000000002500        0x0 BaseDebugPrintErrorLevelLib.obj (symbol from plugin)
 .rela.ifunc    0x0000000000002500        0x0 BaseDebugPrintErrorLevelLib.obj (symbol from plugin)
 .rela.data.rel.ro.local.mStatusString.2889
                0x0000000000002500      0x3a8 BaseDebugPrintErrorLevelLib.obj (symbol from plugin)

.hii            0x00000000000028c0      0x18d
 *(.hii)
 .hii           0x00000000000028c0      0x18d /home/Jason/edk2_workspace/edk2_UDK2018/edk2-vUDK2018/Build/MdeModule/DEBUG_GCC5/X64/MdeModulePkg/Application/HelloWorld/HelloWorld/OUTPUT/HelloWorldhii.lib
                0x00000000000028c0                _binary__home_Jason_edk2_workspace_edk2_UDK2018_edk2_vUDK2018_Build_MdeModule_DEBUG_GCC5_X64_MdeModulePkg_Application_HelloWorld_HelloWorld_OUTPUT_HelloWorldhii_rc_start
                0x0000000000002a4d                _binary__home_Jason_edk2_workspace_edk2_UDK2018_edk2_vUDK2018_Build_MdeModule_DEBUG_GCC5_X64_MdeModulePkg_Application_HelloWorld_HelloWorld_OUTPUT_HelloWorldhii_rc_end

.build-id       0x0000000000002a50       0x24
 *(.note.gnu.build-id)
 .note.gnu.build-id
                0x0000000000002a50       0x24 BaseDebugPrintErrorLevelLib.obj (symbol from plugin)

/DISCARD/
 *(.note.GNU-stack)
 *(.gnu_debuglink)
 *(.interp)
 *(.dynsym)
 *(.dynstr)
 *(.dynamic)
 *(.hash .gnu.hash)
 *(.comment)
 *(COMMON)
OUTPUT(/home/Jason/edk2_workspace/edk2_UDK2018/edk2-vUDK2018/Build/MdeModule/DEBUG_GCC5/X64/MdeModulePkg/Application/HelloWorld/HelloWorld/DEBUG/HelloWorld.dll elf64-x86-64)

.debug_info     0x0000000000000000     0x3316
 .debug_info    0x0000000000000000     0x3316 /tmp/ccZs0b5i.ltrans0.ltrans.o

.debug_abbrev   0x0000000000000000      0x428
 .debug_abbrev  0x0000000000000000      0x428 /tmp/ccZs0b5i.ltrans0.ltrans.o

.debug_loc      0x0000000000000000     0x210c
 .debug_loc     0x0000000000000000     0x210c /tmp/ccZs0b5i.ltrans0.ltrans.o

.debug_aranges  0x0000000000000000      0x100
 .debug_aranges
                0x0000000000000000      0x100 /tmp/ccZs0b5i.ltrans0.ltrans.o

.debug_ranges   0x0000000000000000      0x1b0
 .debug_ranges  0x0000000000000000      0x1b0 /tmp/ccZs0b5i.ltrans0.ltrans.o

.debug_line     0x0000000000000000      0xccf
 .debug_line    0x0000000000000000      0xccf /tmp/ccZs0b5i.ltrans0.ltrans.o

.debug_str      0x0000000000000000     0x1747
 .debug_str     0x0000000000000000     0x1747 /tmp/ccZs0b5i.ltrans0.ltrans.o
                                       0x18bd (size before relaxing)

.debug_frame    0x0000000000000000      0x340
 .debug_frame   0x0000000000000000      0x340 /tmp/ccZs0b5i.ltrans0.ltrans.o
