Archive member included to satisfy reference by file (symbol)

/home/Jason/edk2_workspace/edk2_UDK2018/edk2-vUDK2018/Build/AppPkg/DEBUG_GCC48/X64/MdePkg/Library/BasePcdLibNull/BasePcdLibNull/OUTPUT/BasePcdLibNull.lib(PcdLib.obj)
                              (--whole-archive)
/home/Jason/edk2_workspace/edk2_UDK2018/edk2-vUDK2018/Build/AppPkg/DEBUG_GCC48/X64/MdePkg/Library/BaseLib/BaseLib/OUTPUT/BaseLib.lib(CheckSum.obj)
                              (--whole-archive)
/home/Jason/edk2_workspace/edk2_UDK2018/edk2-vUDK2018/Build/AppPkg/DEBUG_GCC48/X64/MdePkg/Library/BaseLib/BaseLib/OUTPUT/BaseLib.lib(SwitchStack.obj)
                              (--whole-archive)
/home/Jason/edk2_workspace/edk2_UDK2018/edk2-vUDK2018/Build/AppPkg/DEBUG_GCC48/X64/MdePkg/Library/BaseLib/BaseLib/OUTPUT/BaseLib.lib(SwapBytes64.obj)
                              (--whole-archive)
/home/Jason/edk2_workspace/edk2_UDK2018/edk2-vUDK2018/Build/AppPkg/DEBUG_GCC48/X64/MdePkg/Library/BaseLib/BaseLib/OUTPUT/BaseLib.lib(SwapBytes32.obj)
                              (--whole-archive)
/home/Jason/edk2_workspace/edk2_UDK2018/edk2-vUDK2018/Build/AppPkg/DEBUG_GCC48/X64/MdePkg/Library/BaseLib/BaseLib/OUTPUT/BaseLib.lib(SwapBytes16.obj)
                              (--whole-archive)
/home/Jason/edk2_workspace/edk2_UDK2018/edk2-vUDK2018/Build/AppPkg/DEBUG_GCC48/X64/MdePkg/Library/BaseLib/BaseLib/OUTPUT/BaseLib.lib(LongJump.obj)
                              (--whole-archive)
/home/Jason/edk2_workspace/edk2_UDK2018/edk2-vUDK2018/Build/AppPkg/DEBUG_GCC48/X64/MdePkg/Library/BaseLib/BaseLib/OUTPUT/BaseLib.lib(SetJump.obj)
                              (--whole-archive)
/home/Jason/edk2_workspace/edk2_UDK2018/edk2-vUDK2018/Build/AppPkg/DEBUG_GCC48/X64/MdePkg/Library/BaseLib/BaseLib/OUTPUT/BaseLib.lib(RShiftU64.obj)
                              (--whole-archive)
/home/Jason/edk2_workspace/edk2_UDK2018/edk2-vUDK2018/Build/AppPkg/DEBUG_GCC48/X64/MdePkg/Library/BaseLib/BaseLib/OUTPUT/BaseLib.lib(RRotU64.obj)
                              (--whole-archive)
/home/Jason/edk2_workspace/edk2_UDK2018/edk2-vUDK2018/Build/AppPkg/DEBUG_GCC48/X64/MdePkg/Library/BaseLib/BaseLib/OUTPUT/BaseLib.lib(RRotU32.obj)
                              (--whole-archive)
/home/Jason/edk2_workspace/edk2_UDK2018/edk2-vUDK2018/Build/AppPkg/DEBUG_GCC48/X64/MdePkg/Library/BaseLib/BaseLib/OUTPUT/BaseLib.lib(MultU64x64.obj)
                              (--whole-archive)
/home/Jason/edk2_workspace/edk2_UDK2018/edk2-vUDK2018/Build/AppPkg/DEBUG_GCC48/X64/MdePkg/Library/BaseLib/BaseLib/OUTPUT/BaseLib.lib(MultU64x32.obj)
                              (--whole-archive)
/home/Jason/edk2_workspace/edk2_UDK2018/edk2-vUDK2018/Build/AppPkg/DEBUG_GCC48/X64/MdePkg/Library/BaseLib/BaseLib/OUTPUT/BaseLib.lib(MultS64x64.obj)
                              (--whole-archive)
/home/Jason/edk2_workspace/edk2_UDK2018/edk2-vUDK2018/Build/AppPkg/DEBUG_GCC48/X64/MdePkg/Library/BaseLib/BaseLib/OUTPUT/BaseLib.lib(ModU64x32.obj)
                              (--whole-archive)
/home/Jason/edk2_workspace/edk2_UDK2018/edk2-vUDK2018/Build/AppPkg/DEBUG_GCC48/X64/MdePkg/Library/BaseLib/BaseLib/OUTPUT/BaseLib.lib(LShiftU64.obj)
                              (--whole-archive)
/home/Jason/edk2_workspace/edk2_UDK2018/edk2-vUDK2018/Build/AppPkg/DEBUG_GCC48/X64/MdePkg/Library/BaseLib/BaseLib/OUTPUT/BaseLib.lib(LRotU64.obj)
                              (--whole-archive)
/home/Jason/edk2_workspace/edk2_UDK2018/edk2-vUDK2018/Build/AppPkg/DEBUG_GCC48/X64/MdePkg/Library/BaseLib/BaseLib/OUTPUT/BaseLib.lib(LRotU32.obj)
                              (--whole-archive)
/home/Jason/edk2_workspace/edk2_UDK2018/edk2-vUDK2018/Build/AppPkg/DEBUG_GCC48/X64/MdePkg/Library/BaseLib/BaseLib/OUTPUT/BaseLib.lib(LowBitSet64.obj)
                              (--whole-archive)
/home/Jason/edk2_workspace/edk2_UDK2018/edk2-vUDK2018/Build/AppPkg/DEBUG_GCC48/X64/MdePkg/Library/BaseLib/BaseLib/OUTPUT/BaseLib.lib(LowBitSet32.obj)
                              (--whole-archive)
/home/Jason/edk2_workspace/edk2_UDK2018/edk2-vUDK2018/Build/AppPkg/DEBUG_GCC48/X64/MdePkg/Library/BaseLib/BaseLib/OUTPUT/BaseLib.lib(HighBitSet64.obj)
                              (--whole-archive)
/home/Jason/edk2_workspace/edk2_UDK2018/edk2-vUDK2018/Build/AppPkg/DEBUG_GCC48/X64/MdePkg/Library/BaseLib/BaseLib/OUTPUT/BaseLib.lib(HighBitSet32.obj)
                              (--whole-archive)
/home/Jason/edk2_workspace/edk2_UDK2018/edk2-vUDK2018/Build/AppPkg/DEBUG_GCC48/X64/MdePkg/Library/BaseLib/BaseLib/OUTPUT/BaseLib.lib(GetPowerOfTwo64.obj)
                              (--whole-archive)
/home/Jason/edk2_workspace/edk2_UDK2018/edk2-vUDK2018/Build/AppPkg/DEBUG_GCC48/X64/MdePkg/Library/BaseLib/BaseLib/OUTPUT/BaseLib.lib(GetPowerOfTwo32.obj)
                              (--whole-archive)
/home/Jason/edk2_workspace/edk2_UDK2018/edk2-vUDK2018/Build/AppPkg/DEBUG_GCC48/X64/MdePkg/Library/BaseLib/BaseLib/OUTPUT/BaseLib.lib(DivU64x64Remainder.obj)
[...]
Memory Configuration

Name             Origin             Length             Attributes
*default*        0x0000000000000000 0xffffffffffffffff

Linker script and memory map

START GROUP
LOAD /home/Jason/edk2_workspace/edk2_UDK2018/edk2-vUDK2018/Build/AppPkg/DEBUG_GCC48/X64/MdePkg/Library/BasePcdLibNull/BasePcdLibNull/OUTPUT/BasePcdLibNull.lib
LOAD /home/Jason/edk2_workspace/edk2_UDK2018/edk2-vUDK2018/Build/AppPkg/DEBUG_GCC48/X64/MdePkg/Library/BaseLib/BaseLib/OUTPUT/BaseLib.lib
LOAD /home/Jason/edk2_workspace/edk2_UDK2018/edk2-vUDK2018/Build/AppPkg/DEBUG_GCC48/X64/MdePkg/Library/BaseMemoryLib/BaseMemoryLib/OUTPUT/BaseMemoryLib.lib
LOAD /home/Jason/edk2_workspace/edk2_UDK2018/edk2-vUDK2018/Build/AppPkg/DEBUG_GCC48/X64/MdePkg/Library/BaseDebugLibNull/BaseDebugLibNull/OUTPUT/BaseDebugLibNull.lib
LOAD /home/Jason/edk2_workspace/edk2_UDK2018/edk2-vUDK2018/Build/AppPkg/DEBUG_GCC48/X64/MdePkg/Library/UefiBootServicesTableLib/UefiBootServicesTableLib/OUTPUT/UefiBootServicesTableLib.lib
LOAD /home/Jason/edk2_workspace/edk2_UDK2018/edk2-vUDK2018/Build/AppPkg/DEBUG_GCC48/X64/MdePkg/Library/BasePrintLib/BasePrintLib/OUTPUT/BasePrintLib.lib
LOAD /home/Jason/edk2_workspace/edk2_UDK2018/edk2-vUDK2018/Build/AppPkg/DEBUG_GCC48/X64/MdePkg/Library/UefiMemoryAllocationLib/UefiMemoryAllocationLib/OUTPUT/UefiMemoryAllocationLib.lib
LOAD /home/Jason/edk2_workspace/edk2_UDK2018/edk2-vUDK2018/Build/AppPkg/DEBUG_GCC48/X64/MdePkg/Library/UefiRuntimeServicesTableLib/UefiRuntimeServicesTableLib/OUTPUT/UefiRuntimeServicesTableLib.lib
LOAD /home/Jason/edk2_workspace/edk2_UDK2018/edk2-vUDK2018/Build/AppPkg/DEBUG_GCC48/X64/MdePkg/Library/UefiDevicePathLib/UefiDevicePathLib/OUTPUT/UefiDevicePathLib.lib
LOAD /home/Jason/edk2_workspace/edk2_UDK2018/edk2-vUDK2018/Build/AppPkg/DEBUG_GCC48/X64/MdePkg/Library/UefiApplicationEntryPoint/UefiApplicationEntryPoint/OUTPUT/UefiApplicationEntryPoint.lib
LOAD /home/Jason/edk2_workspace/edk2_UDK2018/edk2-vUDK2018/Build/AppPkg/DEBUG_GCC48/X64/MdePkg/Library/UefiLib/UefiLib/OUTPUT/UefiLib.lib
LOAD /home/Jason/edk2_workspace/edk2_UDK2018/edk2-vUDK2018/Build/AppPkg/DEBUG_GCC48/X64/MyTest/systemtable/gRT/RT/OUTPUT/RT.lib
END GROUP
                0x0000000000000228                PECOFF_HEADER_SIZE = 0x228
                0x0000000000000228                . = PECOFF_HEADER_SIZE

.text           0x0000000000000240     0x36a8
 *(.text .text.* .stub .gnu.linkonce.t.*)
 .text.LShiftU64
                0x0000000000000240       0x44 /home/Jason/edk2_workspace/edk2_UDK2018/edk2-vUDK2018/Build/AppPkg/DEBUG_GCC48/X64/MdePkg/Library/BaseLib/BaseLib/OUTPUT/BaseLib.lib(LShiftU64.obj)
                0x0000000000000240                LShiftU64
 .text.DivU64x32Remainder
                0x0000000000000284       0x48 /home/Jason/edk2_workspace/edk2_UDK2018/edk2-vUDK2018/Build/AppPkg/DEBUG_GCC48/X64/MdePkg/Library/BaseLib/BaseLib/OUTPUT/BaseLib.lib(DivU64x32Remainder.obj)
                0x0000000000000284                DivU64x32Remainder
 .text.StrnLenS
                0x00000000000002cc       0x5e /home/Jason/edk2_workspace/edk2_UDK2018/edk2-vUDK2018/Build/AppPkg/DEBUG_GCC48/X64/MdePkg/Library/BaseLib/BaseLib/OUTPUT/BaseLib.lib(SafeString.obj)
                0x00000000000002cc                StrnLenS
 .text.AsciiStrnLenS
                0x000000000000032a       0x26 /home/Jason/edk2_workspace/edk2_UDK2018/edk2-vUDK2018/Build/AppPkg/DEBUG_GCC48/X64/MdePkg/Library/BaseLib/BaseLib/OUTPUT/BaseLib.lib(SafeString.obj)
                0x000000000000032a                AsciiStrnLenS
 .text.InternalMathLShiftU64
                0x0000000000000350        0x9 /home/Jason/edk2_workspace/edk2_UDK2018/edk2-vUDK2018/Build/AppPkg/DEBUG_GCC48/X64/MdePkg/Library/BaseLib/BaseLib/OUTPUT/BaseLib.lib(Math64.obj)
                0x0000000000000350                InternalMathLShiftU64
 .text.InternalMathDivRemU64x32
                0x0000000000000359       0x1c /home/Jason/edk2_workspace/edk2_UDK2018/edk2-vUDK2018/Build/AppPkg/DEBUG_GCC48/X64/MdePkg/Library/BaseLib/BaseLib/OUTPUT/BaseLib.lib(Math64.obj)
                0x0000000000000359                InternalMathDivRemU64x32
 .text.ReadUnaligned16
                0x0000000000000375       0x37 /home/Jason/edk2_workspace/edk2_UDK2018/edk2-vUDK2018/Build/AppPkg/DEBUG_GCC48/X64/MdePkg/Library/BaseLib/BaseLib/OUTPUT/BaseLib.lib(Unaligned.obj)
                0x0000000000000375                ReadUnaligned16
 .text.ReadUnaligned32
                0x00000000000003ac       0x36 /home/Jason/edk2_workspace/edk2_UDK2018/edk2-vUDK2018/Build/AppPkg/DEBUG_GCC48/X64/MdePkg/Library/BaseLib/BaseLib/OUTPUT/BaseLib.lib(Unaligned.obj)
                0x00000000000003ac                ReadUnaligned32
 .text.InternalMemSetMem
                0x00000000000003e2       0xf3 /home/Jason/edk2_workspace/edk2_UDK2018/edk2-vUDK2018/Build/AppPkg/DEBUG_GCC48/X64/MdePkg/Library/BaseMemoryLib/BaseMemoryLib/OUTPUT/BaseMemoryLib.lib(SetMem.obj)
                0x00000000000003e2                InternalMemSetMem
 .text.ZeroMem  0x00000000000004d5       0x7e /home/Jason/edk2_workspace/edk2_UDK2018/edk2-vUDK2018/Build/AppPkg/DEBUG_GCC48/X64/MdePkg/Library/BaseMemoryLib/BaseMemoryLib/OUTPUT/BaseMemoryLib.lib(ZeroMemWrapper.obj)
                0x00000000000004d5                ZeroMem
 .text.CopyMem  0x0000000000000553       0x9a /home/Jason/edk2_workspace/edk2_UDK2018/edk2-vUDK2018/Build/AppPkg/DEBUG_GCC48/X64/MdePkg/Library/BaseMemoryLib/BaseMemoryLib/OUTPUT/BaseMemoryLib.lib(CopyMemWrapper.obj)
                0x0000000000000553                CopyMem
 .text.InternalMemZeroMem
                0x00000000000005ed        0x8 /home/Jason/edk2_workspace/edk2_UDK2018/edk2-vUDK2018/Build/AppPkg/DEBUG_GCC48/X64/MdePkg/Library/BaseMemoryLib/BaseMemoryLib/OUTPUT/BaseMemoryLib.lib(MemLibGeneric.obj)
                0x00000000000005ed                InternalMemZeroMem
 .text.InternalMemCopyMem
                0x00000000000005f5      0x1f4 /home/Jason/edk2_workspace/edk2_UDK2018/edk2-vUDK2018/Build/AppPkg/DEBUG_GCC48/X64/MdePkg/Library/BaseMemoryLib/BaseMemoryLib/OUTPUT/BaseMemoryLib.lib(CopyMem.obj)
                0x00000000000005f5                InternalMemCopyMem
 .text.DebugPrint
                0x00000000000007e9        0xb /home/Jason/edk2_workspace/edk2_UDK2018/edk2-vUDK2018/Build/AppPkg/DEBUG_GCC48/X64/MdePkg/Library/BaseDebugLibNull/BaseDebugLibNull/OUTPUT/BaseDebugLibNull.lib(DebugLib.obj)
                0x00000000000007e9                DebugPrint
 .text.DebugAssert
                0x00000000000007f4        0x1 /home/Jason/edk2_workspace/edk2_UDK2018/edk2-vUDK2018/Build/AppPkg/DEBUG_GCC48/X64/MdePkg/Library/BaseDebugLibNull/BaseDebugLibNull/OUTPUT/BaseDebugLibNull.lib(DebugLib.obj)
                0x00000000000007f4                DebugAssert
 .text.DebugAssertEnabled
                0x00000000000007f5        0x3 /home/Jason/edk2_workspace/edk2_UDK2018/edk2-vUDK2018/Build/AppPkg/DEBUG_GCC48/X64/MdePkg/Library/BaseDebugLibNull/BaseDebugLibNull/OUTPUT/BaseDebugLibNull.lib(DebugLib.obj)
                0x00000000000007f5                DebugAssertEnabled
 .text.DebugPrintEnabled
                0x00000000000007f8        0x3 /home/Jason/edk2_workspace/edk2_UDK2018/edk2-vUDK2018/Build/AppPkg/DEBUG_GCC48/X64/MdePkg/Library/BaseDebugLibNull/BaseDebugLibNull/OUTPUT/BaseDebugLibNull.lib(DebugLib.obj)
                0x00000000000007f8                DebugPrintEnabled
 .text.DebugPrintLevelEnabled
                0x00000000000007fb        0x3 /home/Jason/edk2_workspace/edk2_UDK2018/edk2-vUDK2018/Build/AppPkg/DEBUG_GCC48/X64/MdePkg/Library/BaseDebugLibNull/BaseDebugLibNull/OUTPUT/BaseDebugLibNull.lib(DebugLib.obj)
                0x00000000000007fb                DebugPrintLevelEnabled
 .text.UefiBootServicesTableLibConstructor
                0x00000000000007fe       0xaa /home/Jason/edk2_workspace/edk2_UDK2018/edk2-vUDK2018/Build/AppPkg/DEBUG_GCC48/X64/MdePkg/Library/UefiBootServicesTableLib/UefiBootServicesTableLib/OUTPUT/UefiBootServicesTableLib.lib(UefiBootServicesTableLib.obj)
                0x00000000000007fe                UefiBootServicesTableLibConstructor
 .text.BasePrintLibFillBuffer
                0x00000000000008a8       0x2e /home/Jason/edk2_workspace/edk2_UDK2018/edk2-vUDK2018/Build/AppPkg/DEBUG_GCC48/X64/MdePkg/Library/BasePrintLib/BasePrintLib/OUTPUT/BasePrintLib.lib(PrintLibInternal.obj)
                0x00000000000008a8                BasePrintLibFillBuffer
 .text.BasePrintLibValueToString
                0x00000000000008d6       0x4a /home/Jason/edk2_workspace/edk2_UDK2018/edk2-vUDK2018/Build/AppPkg/DEBUG_GCC48/X64/MdePkg/Library/BasePrintLib/BasePrintLib/OUTPUT/BasePrintLib.lib(PrintLibInternal.obj)
                0x00000000000008d6                BasePrintLibValueToString
 .text.BasePrintLibSPrint
                0x0000000000000920       0xba /home/Jason/edk2_workspace/edk2_UDK2018/edk2-vUDK2018/Build/AppPkg/DEBUG_GCC48/X64/MdePkg/Library/BasePrintLib/BasePrintLib/OUTPUT/BasePrintLib.lib(PrintLibInternal.obj)
                0x0000000000000920                BasePrintLibSPrint
 .text.BasePrintLibSPrintMarker
                0x00000000000009da     0x1240 /home/Jason/edk2_workspace/edk2_UDK2018/edk2-vUDK2018/Build/AppPkg/DEBUG_GCC48/X64/MdePkg/Library/BasePrintLib/BasePrintLib/OUTPUT/BasePrintLib.lib(PrintLibInternal.obj)
                0x00000000000009da                BasePrintLibSPrintMarker
 .text.UnicodeVSPrint
                0x0000000000001c1a      0x112 /home/Jason/edk2_workspace/edk2_UDK2018/edk2-vUDK2018/Build/AppPkg/DEBUG_GCC48/X64/MdePkg/Library/BasePrintLib/BasePrintLib/OUTPUT/BasePrintLib.lib(PrintLib.obj)
                0x0000000000001c1a                UnicodeVSPrint
 .text.InternalAllocatePool
                0x0000000000001d2c       0x30 /home/Jason/edk2_workspace/edk2_UDK2018/edk2-vUDK2018/Build/AppPkg/DEBUG_GCC48/X64/MdePkg/Library/UefiMemoryAllocationLib/UefiMemoryAllocationLib/OUTPUT/UefiMemoryAllocationLib.lib(MemoryAllocationLib.obj)
                0x0000000000001d2c                InternalAllocatePool
 .text.AllocatePool
                0x0000000000001d5c       0x9e /home/Jason/edk2_workspace/edk2_UDK2018/edk2-vUDK2018/Build/AppPkg/DEBUG_GCC48/X64/MdePkg/Library/UefiMemoryAllocationLib/UefiMemoryAllocationLib/OUTPUT/UefiMemoryAllocationLib.lib(MemoryAllocationLib.obj)
                0x0000000000001d5c                AllocatePool
 .text.InternalAllocateZeroPool
                0x0000000000001dfa       0x23 /home/Jason/edk2_workspace/edk2_UDK2018/edk2-vUDK2018/Build/AppPkg/DEBUG_GCC48/X64/MdePkg/Library/UefiMemoryAllocationLib/UefiMemoryAllocationLib/OUTPUT/UefiMemoryAllocationLib.lib(MemoryAllocationLib.obj)
                0x0000000000001dfa                InternalAllocateZeroPool
 .text.AllocateZeroPool
                0x0000000000001e1d       0x9e /home/Jason/edk2_workspace/edk2_UDK2018/edk2-vUDK2018/Build/AppPkg/DEBUG_GCC48/X64/MdePkg/Library/UefiMemoryAllocationLib/UefiMemoryAllocationLib/OUTPUT/UefiMemoryAllocationLib.lib(MemoryAllocationLib.obj)
                0x0000000000001e1d                AllocateZeroPool
 .text.FreePool
                0x0000000000001ebb       0x6e /home/Jason/edk2_workspace/edk2_UDK2018/edk2-vUDK2018/Build/AppPkg/DEBUG_GCC48/X64/MdePkg/Library/UefiMemoryAllocationLib/UefiMemoryAllocationLib/OUTPUT/UefiMemoryAllocationLib.lib(MemoryAllocationLib.obj)
                0x0000000000001ebb                FreePool
 .text.UefiRuntimeServicesTableLibConstructor
                0x0000000000001f29       0x41 /home/Jason/edk2_workspace/edk2_UDK2018/edk2-vUDK2018/Build/AppPkg/DEBUG_GCC48/X64/MdePkg/Library/UefiRuntimeServicesTableLib/UefiRuntimeServicesTableLib/OUTPUT/UefiRuntimeServicesTableLib.lib(UefiRuntimeServicesTableLib.obj)
                0x0000000000001f29                UefiRuntimeServicesTableLibConstructor
 .text._ModuleEntryPoint
                0x0000000000001f6a       0x55 /home/Jason/edk2_workspace/edk2_UDK2018/edk2-vUDK2018/Build/AppPkg/DEBUG_GCC48/X64/MdePkg/Library/UefiApplicationEntryPoint/UefiApplicationEntryPoint/OUTPUT/UefiApplicationEntryPoint.lib(ApplicationEntryPoint.obj)
                0x0000000000001f6a                _ModuleEntryPoint
 .text.InternalPrint
                0x0000000000001fbf      0x111 /home/Jason/edk2_workspace/edk2_UDK2018/edk2-vUDK2018/Build/AppPkg/DEBUG_GCC48/X64/MdePkg/Library/UefiLib/UefiLib/OUTPUT/UefiLib.lib(UefiLibPrint.obj)
                0x0000000000001fbf                InternalPrint
 .text.Print    0x00000000000020d0       0xd1 /home/Jason/edk2_workspace/edk2_UDK2018/edk2-vUDK2018/Build/AppPkg/DEBUG_GCC48/X64/MdePkg/Library/UefiLib/UefiLib/OUTPUT/UefiLib.lib(UefiLibPrint.obj)
                0x00000000000020d0                Print
 .text.UefiLibConstructor
                0x00000000000021a1        0x3 /home/Jason/edk2_workspace/edk2_UDK2018/edk2-vUDK2018/Build/AppPkg/DEBUG_GCC48/X64/MdePkg/Library/UefiLib/UefiLib/OUTPUT/UefiLib.lib(UefiLib.obj)
                0x00000000000021a1                UefiLibConstructor
 .text.UefiMain
                0x00000000000021a4      0x183 /home/Jason/edk2_workspace/edk2_UDK2018/edk2-vUDK2018/Build/AppPkg/DEBUG_GCC48/X64/MyTest/systemtable/gRT/RT/OUTPUT/RT.lib(RT.obj)
                0x00000000000021a4                UefiMain
 .text.ProcessLibraryConstructorList
                0x0000000000002327      0x133 /home/Jason/edk2_workspace/edk2_UDK2018/edk2-vUDK2018/Build/AppPkg/DEBUG_GCC48/X64/MyTest/systemtable/gRT/RT/OUTPUT/RT.lib(AutoGen.obj)
                0x0000000000002327                ProcessLibraryConstructorList
 .text.ProcessLibraryDestructorList
                0x000000000000245a        0x1 /home/Jason/edk2_workspace/edk2_UDK2018/edk2-vUDK2018/Build/AppPkg/DEBUG_GCC48/X64/MyTest/systemtable/gRT/RT/OUTPUT/RT.lib(AutoGen.obj)
                0x000000000000245a                ProcessLibraryDestructorList
 .text.ProcessModuleEntryPointList
                0x000000000000245b        0x5 /home/Jason/edk2_workspace/edk2_UDK2018/edk2-vUDK2018/Build/AppPkg/DEBUG_GCC48/X64/MyTest/systemtable/gRT/RT/OUTPUT/RT.lib(AutoGen.obj)
                0x000000000000245b                ProcessModuleEntryPointList
 *(.rodata .rodata.* .gnu.linkonce.r.*)
 .rodata.str1.1
                0x0000000000002460       0x64 /home/Jason/edk2_workspace/edk2_UDK2018/edk2-vUDK2018/Build/AppPkg/DEBUG_GCC48/X64/MdePkg/Library/BaseLib/BaseLib/OUTPUT/BaseLib.lib(LShiftU64.obj)
 .rodata.str1.1
                0x00000000000024c4       0x6f /home/Jason/edk2_workspace/edk2_UDK2018/edk2-vUDK2018/Build/AppPkg/DEBUG_GCC48/X64/MdePkg/Library/BaseLib/BaseLib/OUTPUT/BaseLib.lib(DivU64x32Remainder.obj)
 .rodata.str1.1
                0x0000000000002533      0x5f7 /home/Jason/edk2_workspace/edk2_UDK2018/edk2-vUDK2018/Build/AppPkg/DEBUG_GCC48/X64/MdePkg/Library/BaseLib/BaseLib/OUTPUT/BaseLib.lib(SafeString.obj)
 .rodata.str1.1
                0x0000000000002b2a       0x70 /home/Jason/edk2_workspace/edk2_UDK2018/edk2-vUDK2018/Build/AppPkg/DEBUG_GCC48/X64/MdePkg/Library/BaseLib/BaseLib/OUTPUT/BaseLib.lib(Unaligned.obj)
 .rodata.str1.1
                0x0000000000002b9a       0x9a /home/Jason/edk2_workspace/edk2_UDK2018/edk2-vUDK2018/Build/AppPkg/DEBUG_GCC48/X64/MdePkg/Library/BaseMemoryLib/BaseMemoryLib/OUTPUT/BaseMemoryLib.lib(ZeroMemWrapper.obj)
                                         0xb1 (size before relaxing)
 .rodata.str1.1
                0x0000000000002c34       0xe5 /home/Jason/edk2_workspace/edk2_UDK2018/edk2-vUDK2018/Build/AppPkg/DEBUG_GCC48/X64/MdePkg/Library/BaseMemoryLib/BaseMemoryLib/OUTPUT/BaseMemoryLib.lib(CopyMemWrapper.obj)
 .rodata.str1.1
                0x0000000000002d19       0xbe /home/Jason/edk2_workspace/edk2_UDK2018/edk2-vUDK2018/Build/AppPkg/DEBUG_GCC48/X64/MdePkg/Library/UefiBootServicesTableLib/UefiBootServicesTableLib/OUTPUT/UefiBootServicesTableLib.lib(UefiBootServicesTableLib.obj)
 .rodata.str1.1
                0x0000000000002dd7      0x603 /home/Jason/edk2_workspace/edk2_UDK2018/edk2-vUDK2018/Build/AppPkg/DEBUG_GCC48/X64/MdePkg/Library/BasePrintLib/BasePrintLib/OUTPUT/BasePrintLib.lib(PrintLibInternal.obj)
                                        0x644 (size before relaxing)
 *fill*         0x00000000000033da        0x6 
 .rodata.mHexStr
                0x00000000000033e0       0x10 /home/Jason/edk2_workspace/edk2_UDK2018/edk2-vUDK2018/Build/AppPkg/DEBUG_GCC48/X64/MdePkg/Library/BasePrintLib/BasePrintLib/OUTPUT/BasePrintLib.lib(PrintLibInternal.obj)
                0x00000000000033e0                mHexStr
 .rodata.str1.1
                0x00000000000033f0       0xcd /home/Jason/edk2_workspace/edk2_UDK2018/edk2-vUDK2018/Build/AppPkg/DEBUG_GCC48/X64/MdePkg/Library/BasePrintLib/BasePrintLib/OUTPUT/BasePrintLib.lib(PrintLib.obj)
 .rodata.str1.1
                0x00000000000034bd      0x127 /home/Jason/edk2_workspace/edk2_UDK2018/edk2-vUDK2018/Build/AppPkg/DEBUG_GCC48/X64/MdePkg/Library/UefiMemoryAllocationLib/UefiMemoryAllocationLib/OUTPUT/UefiMemoryAllocationLib.lib(MemoryAllocationLib.obj)
                                        0x13e (size before relaxing)
 .rodata.str1.1
                0x00000000000035e4       0x93 /home/Jason/edk2_workspace/edk2_UDK2018/edk2-vUDK2018/Build/AppPkg/DEBUG_GCC48/X64/MdePkg/Library/UefiRuntimeServicesTableLib/UefiRuntimeServicesTableLib/OUTPUT/UefiRuntimeServicesTableLib.lib(UefiRuntimeServicesTableLib.obj)
 .rodata.str1.1
                0x0000000000003677      0x1aa /home/Jason/edk2_workspace/edk2_UDK2018/edk2-vUDK2018/Build/AppPkg/DEBUG_GCC48/X64/MdePkg/Library/UefiLib/UefiLib/OUTPUT/UefiLib.lib(UefiLibPrint.obj)
                                        0x1c1 (size before relaxing)
 *fill*         0x0000000000003821        0x1 
 .rodata.str2.2
                0x0000000000003822       0x34 /home/Jason/edk2_workspace/edk2_UDK2018/edk2-vUDK2018/Build/AppPkg/DEBUG_GCC48/X64/MyTest/systemtable/gRT/RT/OUTPUT/RT.lib(RT.obj)
 .rodata.str1.1
                0x0000000000003856       0x80 /home/Jason/edk2_workspace/edk2_UDK2018/edk2-vUDK2018/Build/AppPkg/DEBUG_GCC48/X64/MyTest/systemtable/gRT/RT/OUTPUT/RT.lib(AutoGen.obj)
                                         0xb5 (size before relaxing)
 *fill*         0x00000000000038d6        0x2 
 .rodata._gUefiDriverRevision
                0x00000000000038d8        0x4 /home/Jason/edk2_workspace/edk2_UDK2018/edk2-vUDK2018/Build/AppPkg/DEBUG_GCC48/X64/MyTest/systemtable/gRT/RT/OUTPUT/RT.lib(AutoGen.obj)
                0x00000000000038d8                _gUefiDriverRevision
 .rodata._gPcd_FixedAtBuild_PcdUefiLibMaxPrintBufferSize
                0x00000000000038dc        0x4 /home/Jason/edk2_workspace/edk2_UDK2018/edk2-vUDK2018/Build/AppPkg/DEBUG_GCC48/X64/MyTest/systemtable/gRT/RT/OUTPUT/RT.lib(AutoGen.obj)
                0x00000000000038dc                _gPcd_FixedAtBuild_PcdUefiLibMaxPrintBufferSize
 .rodata._gPcd_FixedAtBuild_PcdMaximumUnicodeStringLength
                0x00000000000038e0        0x4 /home/Jason/edk2_workspace/edk2_UDK2018/edk2-vUDK2018/Build/AppPkg/DEBUG_GCC48/X64/MyTest/systemtable/gRT/RT/OUTPUT/RT.lib(AutoGen.obj)
                0x00000000000038e0                _gPcd_FixedAtBuild_PcdMaximumUnicodeStringLength
 .rodata._gPcd_FixedAtBuild_PcdMaximumAsciiStringLength
                0x00000000000038e4        0x4 /home/Jason/edk2_workspace/edk2_UDK2018/edk2-vUDK2018/Build/AppPkg/DEBUG_GCC48/X64/MyTest/systemtable/gRT/RT/OUTPUT/RT.lib(AutoGen.obj)
                0x00000000000038e4                _gPcd_FixedAtBuild_PcdMaximumAsciiStringLength
 *(.got .got.*)
 .got           0x00000000000038e8        0x0 /home/Jason/edk2_workspace/edk2_UDK2018/edk2-vUDK2018/Build/AppPkg/DEBUG_GCC48/X64/MdePkg/Library/BasePcdLibNull/BasePcdLibNull/OUTPUT/BasePcdLibNull.lib(PcdLib.obj)
 .got.plt       0x00000000000038e8        0x0 /home/Jason/edk2_workspace/edk2_UDK2018/edk2-vUDK2018/Build/AppPkg/DEBUG_GCC48/X64/MdePkg/Library/BasePcdLibNull/BasePcdLibNull/OUTPUT/BasePcdLibNull.lib(PcdLib.obj)
 *:AutoGen.obj(.data.g*Guid)

.plt            0x00000000000038f0        0x0
 .plt           0x00000000000038f0        0x0 /home/Jason/edk2_workspace/edk2_UDK2018/edk2-vUDK2018/Build/AppPkg/DEBUG_GCC48/X64/MdePkg/Library/BasePcdLibNull/BasePcdLibNull/OUTPUT/BasePcdLibNull.lib(PcdLib.obj)

.plt.got        0x00000000000038e8        0x0
 .plt.got       0x00000000000038e8        0x0 /home/Jason/edk2_workspace/edk2_UDK2018/edk2-vUDK2018/Build/AppPkg/DEBUG_GCC48/X64/MdePkg/Library/BasePcdLibNull/BasePcdLibNull/OUTPUT/BasePcdLibNull.lib(PcdLib.obj)

.data           0x0000000000003900      0x158
 *(.data .data.* .gnu.linkonce.d.*)
 .data.rel.ro   0x0000000000003900        0x0 /home/Jason/edk2_workspace/edk2_UDK2018/edk2-vUDK2018/Build/AppPkg/DEBUG_GCC48/X64/MdePkg/Library/BasePcdLibNull/BasePcdLibNull/OUTPUT/BasePcdLibNull.lib(PcdLib.obj)
 .data.rel.ro.local.mStatusString
                0x0000000000003900      0x138 /home/Jason/edk2_workspace/edk2_UDK2018/edk2-vUDK2018/Build/AppPkg/DEBUG_GCC48/X64/MdePkg/Library/BasePrintLib/BasePrintLib/OUTPUT/BasePrintLib.lib(PrintLibInternal.obj)
                0x0000000000003900                mStatusString
 *(.bss .bss.*)
 .bss.gBS       0x0000000000003a38        0x8 /home/Jason/edk2_workspace/edk2_UDK2018/edk2-vUDK2018/Build/AppPkg/DEBUG_GCC48/X64/MdePkg/Library/UefiBootServicesTableLib/UefiBootServicesTableLib/OUTPUT/UefiBootServicesTableLib.lib(UefiBootServicesTableLib.obj)
                0x0000000000003a38                gBS
 .bss.gST       0x0000000000003a40        0x8 /home/Jason/edk2_workspace/edk2_UDK2018/edk2-vUDK2018/Build/AppPkg/DEBUG_GCC48/X64/MdePkg/Library/UefiBootServicesTableLib/UefiBootServicesTableLib/OUTPUT/UefiBootServicesTableLib.lib(UefiBootServicesTableLib.obj)
                0x0000000000003a40                gST
 .bss.gImageHandle
                0x0000000000003a48        0x8 /home/Jason/edk2_workspace/edk2_UDK2018/edk2-vUDK2018/Build/AppPkg/DEBUG_GCC48/X64/MdePkg/Library/UefiBootServicesTableLib/UefiBootServicesTableLib/OUTPUT/UefiBootServicesTableLib.lib(UefiBootServicesTableLib.obj)
                0x0000000000003a48                gImageHandle
 .bss.gRT       0x0000000000003a50        0x8 /home/Jason/edk2_workspace/edk2_UDK2018/edk2-vUDK2018/Build/AppPkg/DEBUG_GCC48/X64/MdePkg/Library/UefiRuntimeServicesTableLib/UefiRuntimeServicesTableLib/OUTPUT/UefiRuntimeServicesTableLib.lib(UefiRuntimeServicesTableLib.obj)
                0x0000000000003a50                gRT

.eh_frame       0x0000000000003a60        0x0
 *(.eh_frame)
 .eh_frame      0x0000000000003a60        0x0 /home/Jason/edk2_workspace/edk2_UDK2018/edk2-vUDK2018/Build/AppPkg/DEBUG_GCC48/X64/MdePkg/Library/BasePcdLibNull/BasePcdLibNull/OUTPUT/BasePcdLibNull.lib(PcdLib.obj)
 .eh_frame      0x0000000000003a60        0x0 /home/Jason/edk2_workspace/edk2_UDK2018/edk2-vUDK2018/Build/AppPkg/DEBUG_GCC48/X64/MdePkg/Library/BasePcdLibNull/BasePcdLibNull/OUTPUT/BasePcdLibNull.lib(PcdLib.obj)

.dynbss         0x0000000000003a60        0x0
 .dynbss        0x0000000000003a60        0x0 /home/Jason/edk2_workspace/edk2_UDK2018/edk2-vUDK2018/Build/AppPkg/DEBUG_GCC48/X64/MdePkg/Library/BasePcdLibNull/BasePcdLibNull/OUTPUT/BasePcdLibNull.lib(PcdLib.obj)

.gnu.version_d  0x0000000000003a60        0x0
 .gnu.version_d
                0x0000000000003a60        0x0 /home/Jason/edk2_workspace/edk2_UDK2018/edk2-vUDK2018/Build/AppPkg/DEBUG_GCC48/X64/MdePkg/Library/BasePcdLibNull/BasePcdLibNull/OUTPUT/BasePcdLibNull.lib(PcdLib.obj)

.gnu.version    0x0000000000003a60        0x0
 .gnu.version   0x0000000000003a60        0x0 /home/Jason/edk2_workspace/edk2_UDK2018/edk2-vUDK2018/Build/AppPkg/DEBUG_GCC48/X64/MdePkg/Library/BasePcdLibNull/BasePcdLibNull/OUTPUT/BasePcdLibNull.lib(PcdLib.obj)

.gnu.version_r  0x0000000000003a60        0x0
 .gnu.version_r
                0x0000000000003a60        0x0 /home/Jason/edk2_workspace/edk2_UDK2018/edk2-vUDK2018/Build/AppPkg/DEBUG_GCC48/X64/MdePkg/Library/BasePcdLibNull/BasePcdLibNull/OUTPUT/BasePcdLibNull.lib(PcdLib.obj)

.rela           0x0000000000003a60      0x3a8
 *(.rela .rela.*)
 .rela.plt      0x0000000000003a60        0x0 /home/Jason/edk2_workspace/edk2_UDK2018/edk2-vUDK2018/Build/AppPkg/DEBUG_GCC48/X64/MdePkg/Library/BasePcdLibNull/BasePcdLibNull/OUTPUT/BasePcdLibNull.lib(PcdLib.obj)
 .rela.got      0x0000000000003a60        0x0 /home/Jason/edk2_workspace/edk2_UDK2018/edk2-vUDK2018/Build/AppPkg/DEBUG_GCC48/X64/MdePkg/Library/BasePcdLibNull/BasePcdLibNull/OUTPUT/BasePcdLibNull.lib(PcdLib.obj)
 .rela.bss      0x0000000000003a60        0x0 /home/Jason/edk2_workspace/edk2_UDK2018/edk2-vUDK2018/Build/AppPkg/DEBUG_GCC48/X64/MdePkg/Library/BasePcdLibNull/BasePcdLibNull/OUTPUT/BasePcdLibNull.lib(PcdLib.obj)
 .rela.data.rel.ro
                0x0000000000003a60        0x0 /home/Jason/edk2_workspace/edk2_UDK2018/edk2-vUDK2018/Build/AppPkg/DEBUG_GCC48/X64/MdePkg/Library/BasePcdLibNull/BasePcdLibNull/OUTPUT/BasePcdLibNull.lib(PcdLib.obj)
 .rela.ifunc    0x0000000000003a60        0x0 /home/Jason/edk2_workspace/edk2_UDK2018/edk2-vUDK2018/Build/AppPkg/DEBUG_GCC48/X64/MdePkg/Library/BasePcdLibNull/BasePcdLibNull/OUTPUT/BasePcdLibNull.lib(PcdLib.obj)
 .rela.data.rel.ro.local.mStatusString
                0x0000000000003a60      0x3a8 /home/Jason/edk2_workspace/edk2_UDK2018/edk2-vUDK2018/Build/AppPkg/DEBUG_GCC48/X64/MdePkg/Library/BasePcdLibNull/BasePcdLibNull/OUTPUT/BasePcdLibNull.lib(PcdLib.obj)

.hii
 *(.hii)

.build-id       0x0000000000003e08       0x24
 *(.note.gnu.build-id)
 .note.gnu.build-id
                0x0000000000003e08       0x24 /home/Jason/edk2_workspace/edk2_UDK2018/edk2-vUDK2018/Build/AppPkg/DEBUG_GCC48/X64/MdePkg/Library/BasePcdLibNull/BasePcdLibNull/OUTPUT/BasePcdLibNull.lib(PcdLib.obj)

/DISCARD/
 *(.note.GNU-stack)
 *(.gnu_debuglink)
 *(.interp)
 *(.dynsym)
 *(.dynstr)
 *(.dynamic)
 *(.hash .gnu.hash)
 *(.comment)
 *(COMMON)
OUTPUT(/home/Jason/edk2_workspace/edk2_UDK2018/edk2-vUDK2018/Build/AppPkg/DEBUG_GCC48/X64/MyTest/systemtable/gRT/RT/DEBUG/RT.dll elf64-x86-64)

.debug_info     0x0000000000000000    0x17d10
 .debug_info    0x0000000000000000      0x17a /home/Jason/edk2_workspace/edk2_UDK2018/edk2-vUDK2018/Build/AppPkg/DEBUG_GCC48/X64/MdePkg/Library/BaseLib/BaseLib/OUTPUT/BaseLib.lib(LShiftU64.obj)
 .debug_info    0x000000000000017a      0x1a6 /home/Jason/edk2_workspace/edk2_UDK2018/edk2-vUDK2018/Build/AppPkg/DEBUG_GCC48/X64/MdePkg/Library/BaseLib/BaseLib/OUTPUT/BaseLib.lib(DivU64x32Remainder.obj)
 .debug_info    0x0000000000000320     0x40b5 /home/Jason/edk2_workspace/edk2_UDK2018/edk2-vUDK2018/Build/AppPkg/DEBUG_GCC48/X64/MdePkg/Library/BaseLib/BaseLib/OUTPUT/BaseLib.lib(SafeString.obj)
 .debug_info    0x00000000000043d5      0x469 /home/Jason/edk2_workspace/edk2_UDK2018/edk2-vUDK2018/Build/AppPkg/DEBUG_GCC48/X64/MdePkg/Library/BaseLib/BaseLib/OUTPUT/BaseLib.lib(Math64.obj)
 .debug_info    0x000000000000483e      0x4f1 /home/Jason/edk2_workspace/edk2_UDK2018/edk2-vUDK2018/Build/AppPkg/DEBUG_GCC48/X64/MdePkg/Library/BaseLib/BaseLib/OUTPUT/BaseLib.lib(Unaligned.obj)
 .debug_info    0x0000000000004d2f      0x186 /home/Jason/edk2_workspace/edk2_UDK2018/edk2-vUDK2018/Build/AppPkg/DEBUG_GCC48/X64/MdePkg/Library/BaseMemoryLib/BaseMemoryLib/OUTPUT/BaseMemoryLib.lib(SetMem.obj)
 .debug_info    0x0000000000004eb5      0x1bb /home/Jason/edk2_workspace/edk2_UDK2018/edk2-vUDK2018/Build/AppPkg/DEBUG_GCC48/X64/MdePkg/Library/BaseMemoryLib/BaseMemoryLib/OUTPUT/BaseMemoryLib.lib(ZeroMemWrapper.obj)
 .debug_info    0x0000000000005070      0x1dd /home/Jason/edk2_workspace/edk2_UDK2018/edk2-vUDK2018/Build/AppPkg/DEBUG_GCC48/X64/MdePkg/Library/BaseMemoryLib/BaseMemoryLib/OUTPUT/BaseMemoryLib.lib(CopyMemWrapper.obj)
 .debug_info    0x000000000000524d      0x484 /home/Jason/edk2_workspace/edk2_UDK2018/edk2-vUDK2018/Build/AppPkg/DEBUG_GCC48/X64/MdePkg/Library/BaseMemoryLib/BaseMemoryLib/OUTPUT/BaseMemoryLib.lib(MemLibGeneric.obj)
 .debug_info    0x00000000000056d1      0x19b /home/Jason/edk2_workspace/edk2_UDK2018/edk2-vUDK2018/Build/AppPkg/DEBUG_GCC48/X64/MdePkg/Library/BaseMemoryLib/BaseMemoryLib/OUTPUT/BaseMemoryLib.lib(CopyMem.obj)
 .debug_info    0x000000000000586c      0x207 /home/Jason/edk2_workspace/edk2_UDK2018/edk2-vUDK2018/Build/AppPkg/DEBUG_GCC48/X64/MdePkg/Library/BaseDebugLibNull/BaseDebugLibNull/OUTPUT/BaseDebugLibNull.lib(DebugLib.obj)
 .debug_info    0x0000000000005a73     0x17c7 /home/Jason/edk2_workspace/edk2_UDK2018/edk2-vUDK2018/Build/AppPkg/DEBUG_GCC48/X64/MdePkg/Library/UefiBootServicesTableLib/UefiBootServicesTableLib/OUTPUT/UefiBootServicesTableLib.lib(UefiBootServicesTableLib.obj)
 .debug_info    0x000000000000723a     0x134b /home/Jason/edk2_workspace/edk2_UDK2018/edk2-vUDK2018/Build/AppPkg/DEBUG_GCC48/X64/MdePkg/Library/BasePrintLib/BasePrintLib/OUTPUT/BasePrintLib.lib(PrintLibInternal.obj)
 .debug_info    0x0000000000008585      0xe64 /home/Jason/edk2_workspace/edk2_UDK2018/edk2-vUDK2018/Build/AppPkg/DEBUG_GCC48/X64/MdePkg/Library/BasePrintLib/BasePrintLib/OUTPUT/BasePrintLib.lib(PrintLib.obj)
 .debug_info    0x00000000000093e9     0x1e95 /home/Jason/edk2_workspace/edk2_UDK2018/edk2-vUDK2018/Build/AppPkg/DEBUG_GCC48/X64/MdePkg/Library/UefiMemoryAllocationLib/UefiMemoryAllocationLib/OUTPUT/UefiMemoryAllocationLib.lib(MemoryAllocationLib.obj)
 .debug_info    0x000000000000b27e     0x171f /home/Jason/edk2_workspace/edk2_UDK2018/edk2-vUDK2018/Build/AppPkg/DEBUG_GCC48/X64/MdePkg/Library/UefiRuntimeServicesTableLib/UefiRuntimeServicesTableLib/OUTPUT/UefiRuntimeServicesTableLib.lib(UefiRuntimeServicesTableLib.obj)
 .debug_info    0x000000000000c99d     0x181b /home/Jason/edk2_workspace/edk2_UDK2018/edk2-vUDK2018/Build/AppPkg/DEBUG_GCC48/X64/MdePkg/Library/UefiApplicationEntryPoint/UefiApplicationEntryPoint/OUTPUT/UefiApplicationEntryPoint.lib(ApplicationEntryPoint.obj)
 .debug_info    0x000000000000e1b8     0x3131 /home/Jason/edk2_workspace/edk2_UDK2018/edk2-vUDK2018/Build/AppPkg/DEBUG_GCC48/X64/MdePkg/Library/UefiLib/UefiLib/OUTPUT/UefiLib.lib(UefiLibPrint.obj)
 .debug_info    0x00000000000112e9     0x326e /home/Jason/edk2_workspace/edk2_UDK2018/edk2-vUDK2018/Build/AppPkg/DEBUG_GCC48/X64/MdePkg/Library/UefiLib/UefiLib/OUTPUT/UefiLib.lib(UefiLib.obj)
 .debug_info    0x0000000000014557     0x191e /home/Jason/edk2_workspace/edk2_UDK2018/edk2-vUDK2018/Build/AppPkg/DEBUG_GCC48/X64/MyTest/systemtable/gRT/RT/OUTPUT/RT.lib(RT.obj)
 .debug_info    0x0000000000015e75     0x1e9b /home/Jason/edk2_workspace/edk2_UDK2018/edk2-vUDK2018/Build/AppPkg/DEBUG_GCC48/X64/MyTest/systemtable/gRT/RT/OUTPUT/RT.lib(AutoGen.obj)

.debug_abbrev   0x0000000000000000     0x2282
 .debug_abbrev  0x0000000000000000       0xe2 /home/Jason/edk2_workspace/edk2_UDK2018/edk2-vUDK2018/Build/AppPkg/DEBUG_GCC48/X64/MdePkg/Library/BaseLib/BaseLib/OUTPUT/BaseLib.lib(LShiftU64.obj)
 .debug_abbrev  0x00000000000000e2       0xe2 /home/Jason/edk2_workspace/edk2_UDK2018/edk2-vUDK2018/Build/AppPkg/DEBUG_GCC48/X64/MdePkg/Library/BaseLib/BaseLib/OUTPUT/BaseLib.lib(DivU64x32Remainder.obj)
 .debug_abbrev  0x00000000000001c4      0x293 /home/Jason/edk2_workspace/edk2_UDK2018/edk2-vUDK2018/Build/AppPkg/DEBUG_GCC48/X64/MdePkg/Library/BaseLib/BaseLib/OUTPUT/BaseLib.lib(SafeString.obj)
 .debug_abbrev  0x0000000000000457      0x10e /home/Jason/edk2_workspace/edk2_UDK2018/edk2-vUDK2018/Build/AppPkg/DEBUG_GCC48/X64/MdePkg/Library/BaseLib/BaseLib/OUTPUT/BaseLib.lib(Math64.obj)
 .debug_abbrev  0x0000000000000565       0xdf /home/Jason/edk2_workspace/edk2_UDK2018/edk2-vUDK2018/Build/AppPkg/DEBUG_GCC48/X64/MdePkg/Library/BaseLib/BaseLib/OUTPUT/BaseLib.lib(Unaligned.obj)
 .debug_abbrev  0x0000000000000644       0xb7 /home/Jason/edk2_workspace/edk2_UDK2018/edk2-vUDK2018/Build/AppPkg/DEBUG_GCC48/X64/MdePkg/Library/BaseMemoryLib/BaseMemoryLib/OUTPUT/BaseMemoryLib.lib(SetMem.obj)
 .debug_abbrev  0x00000000000006fb       0xe9 /home/Jason/edk2_workspace/edk2_UDK2018/edk2-vUDK2018/Build/AppPkg/DEBUG_GCC48/X64/MdePkg/Library/BaseMemoryLib/BaseMemoryLib/OUTPUT/BaseMemoryLib.lib(ZeroMemWrapper.obj)
 .debug_abbrev  0x00000000000007e4       0xee /home/Jason/edk2_workspace/edk2_UDK2018/edk2-vUDK2018/Build/AppPkg/DEBUG_GCC48/X64/MdePkg/Library/BaseMemoryLib/BaseMemoryLib/OUTPUT/BaseMemoryLib.lib(CopyMemWrapper.obj)
 .debug_abbrev  0x00000000000008d2      0x126 /home/Jason/edk2_workspace/edk2_UDK2018/edk2-vUDK2018/Build/AppPkg/DEBUG_GCC48/X64/MdePkg/Library/BaseMemoryLib/BaseMemoryLib/OUTPUT/BaseMemoryLib.lib(MemLibGeneric.obj)
 .debug_abbrev  0x00000000000009f8       0x92 /home/Jason/edk2_workspace/edk2_UDK2018/edk2-vUDK2018/Build/AppPkg/DEBUG_GCC48/X64/MdePkg/Library/BaseMemoryLib/BaseMemoryLib/OUTPUT/BaseMemoryLib.lib(CopyMem.obj)
 .debug_abbrev  0x0000000000000a8a       0xb0 /home/Jason/edk2_workspace/edk2_UDK2018/edk2-vUDK2018/Build/AppPkg/DEBUG_GCC48/X64/MdePkg/Library/BaseDebugLibNull/BaseDebugLibNull/OUTPUT/BaseDebugLibNull.lib(DebugLib.obj)
 .debug_abbrev  0x0000000000000b3a      0x1e5 /home/Jason/edk2_workspace/edk2_UDK2018/edk2-vUDK2018/Build/AppPkg/DEBUG_GCC48/X64/MdePkg/Library/UefiBootServicesTableLib/UefiBootServicesTableLib/OUTPUT/UefiBootServicesTableLib.lib(UefiBootServicesTableLib.obj)
 .debug_abbrev  0x0000000000000d1f      0x204 /home/Jason/edk2_workspace/edk2_UDK2018/edk2-vUDK2018/Build/AppPkg/DEBUG_GCC48/X64/MdePkg/Library/BasePrintLib/BasePrintLib/OUTPUT/BasePrintLib.lib(PrintLibInternal.obj)
 .debug_abbrev  0x0000000000000f23      0x17a /home/Jason/edk2_workspace/edk2_UDK2018/edk2-vUDK2018/Build/AppPkg/DEBUG_GCC48/X64/MdePkg/Library/BasePrintLib/BasePrintLib/OUTPUT/BasePrintLib.lib(PrintLib.obj)
 .debug_abbrev  0x000000000000109d      0x28c /home/Jason/edk2_workspace/edk2_UDK2018/edk2-vUDK2018/Build/AppPkg/DEBUG_GCC48/X64/MdePkg/Library/UefiMemoryAllocationLib/UefiMemoryAllocationLib/OUTPUT/UefiMemoryAllocationLib.lib(MemoryAllocationLib.obj)
 .debug_abbrev  0x0000000000001329      0x1c7 /home/Jason/edk2_workspace/edk2_UDK2018/edk2-vUDK2018/Build/AppPkg/DEBUG_GCC48/X64/MdePkg/Library/UefiRuntimeServicesTableLib/UefiRuntimeServicesTableLib/OUTPUT/UefiRuntimeServicesTableLib.lib(UefiRuntimeServicesTableLib.obj)
 .debug_abbrev  0x00000000000014f0      0x238 /home/Jason/edk2_workspace/edk2_UDK2018/edk2-vUDK2018/Build/AppPkg/DEBUG_GCC48/X64/MdePkg/Library/UefiApplicationEntryPoint/UefiApplicationEntryPoint/OUTPUT/UefiApplicationEntryPoint.lib(ApplicationEntryPoint.obj)
 .debug_abbrev  0x0000000000001728      0x322 /home/Jason/edk2_workspace/edk2_UDK2018/edk2-vUDK2018/Build/AppPkg/DEBUG_GCC48/X64/MdePkg/Library/UefiLib/UefiLib/OUTPUT/UefiLib.lib(UefiLibPrint.obj)
 .debug_abbrev  0x0000000000001a4a      0x378 /home/Jason/edk2_workspace/edk2_UDK2018/edk2-vUDK2018/Build/AppPkg/DEBUG_GCC48/X64/MdePkg/Library/UefiLib/UefiLib/OUTPUT/UefiLib.lib(UefiLib.obj)
 .debug_abbrev  0x0000000000001dc2      0x223 /home/Jason/edk2_workspace/edk2_UDK2018/edk2-vUDK2018/Build/AppPkg/DEBUG_GCC48/X64/MyTest/systemtable/gRT/RT/OUTPUT/RT.lib(RT.obj)
 .debug_abbrev  0x0000000000001fe5      0x29d /home/Jason/edk2_workspace/edk2_UDK2018/edk2-vUDK2018/Build/AppPkg/DEBUG_GCC48/X64/MyTest/systemtable/gRT/RT/OUTPUT/RT.lib(AutoGen.obj)

.debug_loc      0x0000000000000000     0xcdfb
 .debug_loc     0x0000000000000000       0xbe /home/Jason/edk2_workspace/edk2_UDK2018/edk2-vUDK2018/Build/AppPkg/DEBUG_GCC48/X64/MdePkg/Library/BaseLib/BaseLib/OUTPUT/BaseLib.lib(LShiftU64.obj)
 .debug_loc     0x00000000000000be      0x11d /home/Jason/edk2_workspace/edk2_UDK2018/edk2-vUDK2018/Build/AppPkg/DEBUG_GCC48/X64/MdePkg/Library/BaseLib/BaseLib/OUTPUT/BaseLib.lib(DivU64x32Remainder.obj)
 .debug_loc     0x00000000000001db     0x36db /home/Jason/edk2_workspace/edk2_UDK2018/edk2-vUDK2018/Build/AppPkg/DEBUG_GCC48/X64/MdePkg/Library/BaseLib/BaseLib/OUTPUT/BaseLib.lib(SafeString.obj)
 .debug_loc     0x00000000000038b6      0x347 /home/Jason/edk2_workspace/edk2_UDK2018/edk2-vUDK2018/Build/AppPkg/DEBUG_GCC48/X64/MdePkg/Library/BaseLib/BaseLib/OUTPUT/BaseLib.lib(Math64.obj)
 .debug_loc     0x0000000000003bfd      0x374 /home/Jason/edk2_workspace/edk2_UDK2018/edk2-vUDK2018/Build/AppPkg/DEBUG_GCC48/X64/MdePkg/Library/BaseLib/BaseLib/OUTPUT/BaseLib.lib(Unaligned.obj)
 .debug_loc     0x0000000000003f71      0x43c /home/Jason/edk2_workspace/edk2_UDK2018/edk2-vUDK2018/Build/AppPkg/DEBUG_GCC48/X64/MdePkg/Library/BaseMemoryLib/BaseMemoryLib/OUTPUT/BaseMemoryLib.lib(SetMem.obj)
 .debug_loc     0x00000000000043ad       0xe4 /home/Jason/edk2_workspace/edk2_UDK2018/edk2-vUDK2018/Build/AppPkg/DEBUG_GCC48/X64/MdePkg/Library/BaseMemoryLib/BaseMemoryLib/OUTPUT/BaseMemoryLib.lib(ZeroMemWrapper.obj)
 .debug_loc     0x0000000000004491      0x16c /home/Jason/edk2_workspace/edk2_UDK2018/edk2-vUDK2018/Build/AppPkg/DEBUG_GCC48/X64/MdePkg/Library/BaseMemoryLib/BaseMemoryLib/OUTPUT/BaseMemoryLib.lib(CopyMemWrapper.obj)
 .debug_loc     0x00000000000045fd      0x578 /home/Jason/edk2_workspace/edk2_UDK2018/edk2-vUDK2018/Build/AppPkg/DEBUG_GCC48/X64/MdePkg/Library/BaseMemoryLib/BaseMemoryLib/OUTPUT/BaseMemoryLib.lib(MemLibGeneric.obj)
 .debug_loc     0x0000000000004b75      0xbd7 /home/Jason/edk2_workspace/edk2_UDK2018/edk2-vUDK2018/Build/AppPkg/DEBUG_GCC48/X64/MdePkg/Library/BaseMemoryLib/BaseMemoryLib/OUTPUT/BaseMemoryLib.lib(CopyMem.obj)
 .debug_loc     0x000000000000574c       0x85 /home/Jason/edk2_workspace/edk2_UDK2018/edk2-vUDK2018/Build/AppPkg/DEBUG_GCC48/X64/MdePkg/Library/UefiBootServicesTableLib/UefiBootServicesTableLib/OUTPUT/UefiBootServicesTableLib.lib(UefiBootServicesTableLib.obj)
 .debug_loc     0x00000000000057d1     0x21f3 /home/Jason/edk2_workspace/edk2_UDK2018/edk2-vUDK2018/Build/AppPkg/DEBUG_GCC48/X64/MdePkg/Library/BasePrintLib/BasePrintLib/OUTPUT/BasePrintLib.lib(PrintLibInternal.obj)
 .debug_loc     0x00000000000079c4     0x11ce /home/Jason/edk2_workspace/edk2_UDK2018/edk2-vUDK2018/Build/AppPkg/DEBUG_GCC48/X64/MdePkg/Library/BasePrintLib/BasePrintLib/OUTPUT/BasePrintLib.lib(PrintLib.obj)
 .debug_loc     0x0000000000008b92     0x12c6 /home/Jason/edk2_workspace/edk2_UDK2018/edk2-vUDK2018/Build/AppPkg/DEBUG_GCC48/X64/MdePkg/Library/UefiMemoryAllocationLib/UefiMemoryAllocationLib/OUTPUT/UefiMemoryAllocationLib.lib(MemoryAllocationLib.obj)
 .debug_loc     0x0000000000009e58       0x72 /home/Jason/edk2_workspace/edk2_UDK2018/edk2-vUDK2018/Build/AppPkg/DEBUG_GCC48/X64/MdePkg/Library/UefiRuntimeServicesTableLib/UefiRuntimeServicesTableLib/OUTPUT/UefiRuntimeServicesTableLib.lib(UefiRuntimeServicesTableLib.obj)
 .debug_loc     0x0000000000009eca      0x18c /home/Jason/edk2_workspace/edk2_UDK2018/edk2-vUDK2018/Build/AppPkg/DEBUG_GCC48/X64/MdePkg/Library/UefiApplicationEntryPoint/UefiApplicationEntryPoint/OUTPUT/UefiApplicationEntryPoint.lib(ApplicationEntryPoint.obj)
 .debug_loc     0x000000000000a056      0xdb5 /home/Jason/edk2_workspace/edk2_UDK2018/edk2-vUDK2018/Build/AppPkg/DEBUG_GCC48/X64/MdePkg/Library/UefiLib/UefiLib/OUTPUT/UefiLib.lib(UefiLibPrint.obj)
 .debug_loc     0x000000000000ae0b     0x1afe /home/Jason/edk2_workspace/edk2_UDK2018/edk2-vUDK2018/Build/AppPkg/DEBUG_GCC48/X64/MdePkg/Library/UefiLib/UefiLib/OUTPUT/UefiLib.lib(UefiLib.obj)
 .debug_loc     0x000000000000c909      0x2de /home/Jason/edk2_workspace/edk2_UDK2018/edk2-vUDK2018/Build/AppPkg/DEBUG_GCC48/X64/MyTest/systemtable/gRT/RT/OUTPUT/RT.lib(RT.obj)
 .debug_loc     0x000000000000cbe7      0x214 /home/Jason/edk2_workspace/edk2_UDK2018/edk2-vUDK2018/Build/AppPkg/DEBUG_GCC48/X64/MyTest/systemtable/gRT/RT/OUTPUT/RT.lib(AutoGen.obj)

.debug_aranges  0x0000000000000000      0xdc0
 .debug_aranges
                0x0000000000000000       0x30 /home/Jason/edk2_workspace/edk2_UDK2018/edk2-vUDK2018/Build/AppPkg/DEBUG_GCC48/X64/MdePkg/Library/BaseLib/BaseLib/OUTPUT/BaseLib.lib(LShiftU64.obj)
 .debug_aranges
                0x0000000000000030       0x30 /home/Jason/edk2_workspace/edk2_UDK2018/edk2-vUDK2018/Build/AppPkg/DEBUG_GCC48/X64/MdePkg/Library/BaseLib/BaseLib/OUTPUT/BaseLib.lib(DivU64x32Remainder.obj)
 .debug_aranges
                0x0000000000000060      0x250 /home/Jason/edk2_workspace/edk2_UDK2018/edk2-vUDK2018/Build/AppPkg/DEBUG_GCC48/X64/MdePkg/Library/BaseLib/BaseLib/OUTPUT/BaseLib.lib(SafeString.obj)
 .debug_aranges
                0x00000000000002b0       0xf0 /home/Jason/edk2_workspace/edk2_UDK2018/edk2-vUDK2018/Build/AppPkg/DEBUG_GCC48/X64/MdePkg/Library/BaseLib/BaseLib/OUTPUT/BaseLib.lib(Math64.obj)
 .debug_aranges
                0x00000000000003a0       0xa0 /home/Jason/edk2_workspace/edk2_UDK2018/edk2-vUDK2018/Build/AppPkg/DEBUG_GCC48/X64/MdePkg/Library/BaseLib/BaseLib/OUTPUT/BaseLib.lib(Unaligned.obj)
 .debug_aranges
                0x0000000000000440       0x30 /home/Jason/edk2_workspace/edk2_UDK2018/edk2-vUDK2018/Build/AppPkg/DEBUG_GCC48/X64/MdePkg/Library/BaseMemoryLib/BaseMemoryLib/OUTPUT/BaseMemoryLib.lib(SetMem.obj)
 .debug_aranges
                0x0000000000000470       0x30 /home/Jason/edk2_workspace/edk2_UDK2018/edk2-vUDK2018/Build/AppPkg/DEBUG_GCC48/X64/MdePkg/Library/BaseMemoryLib/BaseMemoryLib/OUTPUT/BaseMemoryLib.lib(ZeroMemWrapper.obj)
 .debug_aranges
                0x00000000000004a0       0x30 /home/Jason/edk2_workspace/edk2_UDK2018/edk2-vUDK2018/Build/AppPkg/DEBUG_GCC48/X64/MdePkg/Library/BaseMemoryLib/BaseMemoryLib/OUTPUT/BaseMemoryLib.lib(CopyMemWrapper.obj)
 .debug_aranges
                0x00000000000004d0       0xc0 /home/Jason/edk2_workspace/edk2_UDK2018/edk2-vUDK2018/Build/AppPkg/DEBUG_GCC48/X64/MdePkg/Library/BaseMemoryLib/BaseMemoryLib/OUTPUT/BaseMemoryLib.lib(MemLibGeneric.obj)
 .debug_aranges
                0x0000000000000590       0x30 /home/Jason/edk2_workspace/edk2_UDK2018/edk2-vUDK2018/Build/AppPkg/DEBUG_GCC48/X64/MdePkg/Library/BaseMemoryLib/BaseMemoryLib/OUTPUT/BaseMemoryLib.lib(CopyMem.obj)
 .debug_aranges
                0x00000000000005c0       0xa0 /home/Jason/edk2_workspace/edk2_UDK2018/edk2-vUDK2018/Build/AppPkg/DEBUG_GCC48/X64/MdePkg/Library/BaseDebugLibNull/BaseDebugLibNull/OUTPUT/BaseDebugLibNull.lib(DebugLib.obj)
 .debug_aranges
                0x0000000000000660       0x30 /home/Jason/edk2_workspace/edk2_UDK2018/edk2-vUDK2018/Build/AppPkg/DEBUG_GCC48/X64/MdePkg/Library/UefiBootServicesTableLib/UefiBootServicesTableLib/OUTPUT/UefiBootServicesTableLib.lib(UefiBootServicesTableLib.obj)
 .debug_aranges
                0x0000000000000690       0x80 /home/Jason/edk2_workspace/edk2_UDK2018/edk2-vUDK2018/Build/AppPkg/DEBUG_GCC48/X64/MdePkg/Library/BasePrintLib/BasePrintLib/OUTPUT/BasePrintLib.lib(PrintLibInternal.obj)
 .debug_aranges
                0x0000000000000710      0x140 /home/Jason/edk2_workspace/edk2_UDK2018/edk2-vUDK2018/Build/AppPkg/DEBUG_GCC48/X64/MdePkg/Library/BasePrintLib/BasePrintLib/OUTPUT/BasePrintLib.lib(PrintLib.obj)
 .debug_aranges
                0x0000000000000850      0x1d0 /home/Jason/edk2_workspace/edk2_UDK2018/edk2-vUDK2018/Build/AppPkg/DEBUG_GCC48/X64/MdePkg/Library/UefiMemoryAllocationLib/UefiMemoryAllocationLib/OUTPUT/UefiMemoryAllocationLib.lib(MemoryAllocationLib.obj)
 .debug_aranges
                0x0000000000000a20       0x30 /home/Jason/edk2_workspace/edk2_UDK2018/edk2-vUDK2018/Build/AppPkg/DEBUG_GCC48/X64/MdePkg/Library/UefiRuntimeServicesTableLib/UefiRuntimeServicesTableLib/OUTPUT/UefiRuntimeServicesTableLib.lib(UefiRuntimeServicesTableLib.obj)
 .debug_aranges
                0x0000000000000a50       0x50 /home/Jason/edk2_workspace/edk2_UDK2018/edk2-vUDK2018/Build/AppPkg/DEBUG_GCC48/X64/MdePkg/Library/UefiApplicationEntryPoint/UefiApplicationEntryPoint/OUTPUT/UefiApplicationEntryPoint.lib(ApplicationEntryPoint.obj)
 .debug_aranges
                0x0000000000000aa0       0xd0 /home/Jason/edk2_workspace/edk2_UDK2018/edk2-vUDK2018/Build/AppPkg/DEBUG_GCC48/X64/MdePkg/Library/UefiLib/UefiLib/OUTPUT/UefiLib.lib(UefiLibPrint.obj)
 .debug_aranges
                0x0000000000000b70      0x1b0 /home/Jason/edk2_workspace/edk2_UDK2018/edk2-vUDK2018/Build/AppPkg/DEBUG_GCC48/X64/MdePkg/Library/UefiLib/UefiLib/OUTPUT/UefiLib.lib(UefiLib.obj)
 .debug_aranges
                0x0000000000000d20       0x30 /home/Jason/edk2_workspace/edk2_UDK2018/edk2-vUDK2018/Build/AppPkg/DEBUG_GCC48/X64/MyTest/systemtable/gRT/RT/OUTPUT/RT.lib(RT.obj)
 .debug_aranges
                0x0000000000000d50       0x70 /home/Jason/edk2_workspace/edk2_UDK2018/edk2-vUDK2018/Build/AppPkg/DEBUG_GCC48/X64/MyTest/systemtable/gRT/RT/OUTPUT/RT.lib(AutoGen.obj)

.debug_ranges   0x0000000000000000      0xc70
 .debug_ranges  0x0000000000000000       0x20 /home/Jason/edk2_workspace/edk2_UDK2018/edk2-vUDK2018/Build/AppPkg/DEBUG_GCC48/X64/MdePkg/Library/BaseLib/BaseLib/OUTPUT/BaseLib.lib(LShiftU64.obj)
 .debug_ranges  0x0000000000000020       0x20 /home/Jason/edk2_workspace/edk2_UDK2018/edk2-vUDK2018/Build/AppPkg/DEBUG_GCC48/X64/MdePkg/Library/BaseLib/BaseLib/OUTPUT/BaseLib.lib(DivU64x32Remainder.obj)
 .debug_ranges  0x0000000000000040      0x240 /home/Jason/edk2_workspace/edk2_UDK2018/edk2-vUDK2018/Build/AppPkg/DEBUG_GCC48/X64/MdePkg/Library/BaseLib/BaseLib/OUTPUT/BaseLib.lib(SafeString.obj)
 .debug_ranges  0x0000000000000280       0xe0 /home/Jason/edk2_workspace/edk2_UDK2018/edk2-vUDK2018/Build/AppPkg/DEBUG_GCC48/X64/MdePkg/Library/BaseLib/BaseLib/OUTPUT/BaseLib.lib(Math64.obj)
 .debug_ranges  0x0000000000000360       0x90 /home/Jason/edk2_workspace/edk2_UDK2018/edk2-vUDK2018/Build/AppPkg/DEBUG_GCC48/X64/MdePkg/Library/BaseLib/BaseLib/OUTPUT/BaseLib.lib(Unaligned.obj)
 .debug_ranges  0x00000000000003f0       0x20 /home/Jason/edk2_workspace/edk2_UDK2018/edk2-vUDK2018/Build/AppPkg/DEBUG_GCC48/X64/MdePkg/Library/BaseMemoryLib/BaseMemoryLib/OUTPUT/BaseMemoryLib.lib(SetMem.obj)
 .debug_ranges  0x0000000000000410       0x20 /home/Jason/edk2_workspace/edk2_UDK2018/edk2-vUDK2018/Build/AppPkg/DEBUG_GCC48/X64/MdePkg/Library/BaseMemoryLib/BaseMemoryLib/OUTPUT/BaseMemoryLib.lib(ZeroMemWrapper.obj)
 .debug_ranges  0x0000000000000430       0x20 /home/Jason/edk2_workspace/edk2_UDK2018/edk2-vUDK2018/Build/AppPkg/DEBUG_GCC48/X64/MdePkg/Library/BaseMemoryLib/BaseMemoryLib/OUTPUT/BaseMemoryLib.lib(CopyMemWrapper.obj)
 .debug_ranges  0x0000000000000450       0xb0 /home/Jason/edk2_workspace/edk2_UDK2018/edk2-vUDK2018/Build/AppPkg/DEBUG_GCC48/X64/MdePkg/Library/BaseMemoryLib/BaseMemoryLib/OUTPUT/BaseMemoryLib.lib(MemLibGeneric.obj)
 .debug_ranges  0x0000000000000500       0x20 /home/Jason/edk2_workspace/edk2_UDK2018/edk2-vUDK2018/Build/AppPkg/DEBUG_GCC48/X64/MdePkg/Library/BaseMemoryLib/BaseMemoryLib/OUTPUT/BaseMemoryLib.lib(CopyMem.obj)
 .debug_ranges  0x0000000000000520       0x90 /home/Jason/edk2_workspace/edk2_UDK2018/edk2-vUDK2018/Build/AppPkg/DEBUG_GCC48/X64/MdePkg/Library/BaseDebugLibNull/BaseDebugLibNull/OUTPUT/BaseDebugLibNull.lib(DebugLib.obj)
 .debug_ranges  0x00000000000005b0       0x20 /home/Jason/edk2_workspace/edk2_UDK2018/edk2-vUDK2018/Build/AppPkg/DEBUG_GCC48/X64/MdePkg/Library/UefiBootServicesTableLib/UefiBootServicesTableLib/OUTPUT/UefiBootServicesTableLib.lib(UefiBootServicesTableLib.obj)
 .debug_ranges  0x00000000000005d0       0x70 /home/Jason/edk2_workspace/edk2_UDK2018/edk2-vUDK2018/Build/AppPkg/DEBUG_GCC48/X64/MdePkg/Library/BasePrintLib/BasePrintLib/OUTPUT/BasePrintLib.lib(PrintLibInternal.obj)
 .debug_ranges  0x0000000000000640      0x130 /home/Jason/edk2_workspace/edk2_UDK2018/edk2-vUDK2018/Build/AppPkg/DEBUG_GCC48/X64/MdePkg/Library/BasePrintLib/BasePrintLib/OUTPUT/BasePrintLib.lib(PrintLib.obj)
 .debug_ranges  0x0000000000000770      0x1c0 /home/Jason/edk2_workspace/edk2_UDK2018/edk2-vUDK2018/Build/AppPkg/DEBUG_GCC48/X64/MdePkg/Library/UefiMemoryAllocationLib/UefiMemoryAllocationLib/OUTPUT/UefiMemoryAllocationLib.lib(MemoryAllocationLib.obj)
 .debug_ranges  0x0000000000000930       0x20 /home/Jason/edk2_workspace/edk2_UDK2018/edk2-vUDK2018/Build/AppPkg/DEBUG_GCC48/X64/MdePkg/Library/UefiRuntimeServicesTableLib/UefiRuntimeServicesTableLib/OUTPUT/UefiRuntimeServicesTableLib.lib(UefiRuntimeServicesTableLib.obj)
 .debug_ranges  0x0000000000000950       0x40 /home/Jason/edk2_workspace/edk2_UDK2018/edk2-vUDK2018/Build/AppPkg/DEBUG_GCC48/X64/MdePkg/Library/UefiApplicationEntryPoint/UefiApplicationEntryPoint/OUTPUT/UefiApplicationEntryPoint.lib(ApplicationEntryPoint.obj)
 .debug_ranges  0x0000000000000990       0xc0 /home/Jason/edk2_workspace/edk2_UDK2018/edk2-vUDK2018/Build/AppPkg/DEBUG_GCC48/X64/MdePkg/Library/UefiLib/UefiLib/OUTPUT/UefiLib.lib(UefiLibPrint.obj)
 .debug_ranges  0x0000000000000a50      0x1a0 /home/Jason/edk2_workspace/edk2_UDK2018/edk2-vUDK2018/Build/AppPkg/DEBUG_GCC48/X64/MdePkg/Library/UefiLib/UefiLib/OUTPUT/UefiLib.lib(UefiLib.obj)
 .debug_ranges  0x0000000000000bf0       0x20 /home/Jason/edk2_workspace/edk2_UDK2018/edk2-vUDK2018/Build/AppPkg/DEBUG_GCC48/X64/MyTest/systemtable/gRT/RT/OUTPUT/RT.lib(RT.obj)
 .debug_ranges  0x0000000000000c10       0x60 /home/Jason/edk2_workspace/edk2_UDK2018/edk2-vUDK2018/Build/AppPkg/DEBUG_GCC48/X64/MyTest/systemtable/gRT/RT/OUTPUT/RT.lib(AutoGen.obj)

.debug_line     0x0000000000000000     0x54a5
 .debug_line    0x0000000000000000      0x166 /home/Jason/edk2_workspace/edk2_UDK2018/edk2-vUDK2018/Build/AppPkg/DEBUG_GCC48/X64/MdePkg/Library/BaseLib/BaseLib/OUTPUT/BaseLib.lib(LShiftU64.obj)
 .debug_line    0x0000000000000166      0x171 /home/Jason/edk2_workspace/edk2_UDK2018/edk2-vUDK2018/Build/AppPkg/DEBUG_GCC48/X64/MdePkg/Library/BaseLib/BaseLib/OUTPUT/BaseLib.lib(DivU64x32Remainder.obj)
 .debug_line    0x00000000000002d7     0x1264 /home/Jason/edk2_workspace/edk2_UDK2018/edk2-vUDK2018/Build/AppPkg/DEBUG_GCC48/X64/MdePkg/Library/BaseLib/BaseLib/OUTPUT/BaseLib.lib(SafeString.obj)
 .debug_line    0x000000000000153b      0x265 /home/Jason/edk2_workspace/edk2_UDK2018/edk2-vUDK2018/Build/AppPkg/DEBUG_GCC48/X64/MdePkg/Library/BaseLib/BaseLib/OUTPUT/BaseLib.lib(Math64.obj)
 .debug_line    0x00000000000017a0      0x236 /home/Jason/edk2_workspace/edk2_UDK2018/edk2-vUDK2018/Build/AppPkg/DEBUG_GCC48/X64/MdePkg/Library/BaseLib/BaseLib/OUTPUT/BaseLib.lib(Unaligned.obj)
 .debug_line    0x00000000000019d6      0x17a /home/Jason/edk2_workspace/edk2_UDK2018/edk2-vUDK2018/Build/AppPkg/DEBUG_GCC48/X64/MdePkg/Library/BaseMemoryLib/BaseMemoryLib/OUTPUT/BaseMemoryLib.lib(SetMem.obj)
 .debug_line    0x0000000000001b50      0x17c /home/Jason/edk2_workspace/edk2_UDK2018/edk2-vUDK2018/Build/AppPkg/DEBUG_GCC48/X64/MdePkg/Library/BaseMemoryLib/BaseMemoryLib/OUTPUT/BaseMemoryLib.lib(ZeroMemWrapper.obj)
 .debug_line    0x0000000000001ccc      0x180 /home/Jason/edk2_workspace/edk2_UDK2018/edk2-vUDK2018/Build/AppPkg/DEBUG_GCC48/X64/MdePkg/Library/BaseMemoryLib/BaseMemoryLib/OUTPUT/BaseMemoryLib.lib(CopyMemWrapper.obj)
 .debug_line    0x0000000000001e4c      0x21c /home/Jason/edk2_workspace/edk2_UDK2018/edk2-vUDK2018/Build/AppPkg/DEBUG_GCC48/X64/MdePkg/Library/BaseMemoryLib/BaseMemoryLib/OUTPUT/BaseMemoryLib.lib(MemLibGeneric.obj)
 .debug_line    0x0000000000002068      0x15b /home/Jason/edk2_workspace/edk2_UDK2018/edk2-vUDK2018/Build/AppPkg/DEBUG_GCC48/X64/MdePkg/Library/BaseMemoryLib/BaseMemoryLib/OUTPUT/BaseMemoryLib.lib(CopyMem.obj)
 .debug_line    0x00000000000021c3      0x184 /home/Jason/edk2_workspace/edk2_UDK2018/edk2-vUDK2018/Build/AppPkg/DEBUG_GCC48/X64/MdePkg/Library/BaseDebugLibNull/BaseDebugLibNull/OUTPUT/BaseDebugLibNull.lib(DebugLib.obj)
 .debug_line    0x0000000000002347      0x2d5 /home/Jason/edk2_workspace/edk2_UDK2018/edk2-vUDK2018/Build/AppPkg/DEBUG_GCC48/X64/MdePkg/Library/UefiBootServicesTableLib/UefiBootServicesTableLib/OUTPUT/UefiBootServicesTableLib.lib(UefiBootServicesTableLib.obj)
 .debug_line    0x000000000000261c      0x825 /home/Jason/edk2_workspace/edk2_UDK2018/edk2-vUDK2018/Build/AppPkg/DEBUG_GCC48/X64/MdePkg/Library/BasePrintLib/BasePrintLib/OUTPUT/BasePrintLib.lib(PrintLibInternal.obj)
 .debug_line    0x0000000000002e41      0x3cb /home/Jason/edk2_workspace/edk2_UDK2018/edk2-vUDK2018/Build/AppPkg/DEBUG_GCC48/X64/MdePkg/Library/BasePrintLib/BasePrintLib/OUTPUT/BasePrintLib.lib(PrintLib.obj)
 .debug_line    0x000000000000320c      0x655 /home/Jason/edk2_workspace/edk2_UDK2018/edk2-vUDK2018/Build/AppPkg/DEBUG_GCC48/X64/MdePkg/Library/UefiMemoryAllocationLib/UefiMemoryAllocationLib/OUTPUT/UefiMemoryAllocationLib.lib(MemoryAllocationLib.obj)
 .debug_line    0x0000000000003861      0x2c5 /home/Jason/edk2_workspace/edk2_UDK2018/edk2-vUDK2018/Build/AppPkg/DEBUG_GCC48/X64/MdePkg/Library/UefiRuntimeServicesTableLib/UefiRuntimeServicesTableLib/OUTPUT/UefiRuntimeServicesTableLib.lib(UefiRuntimeServicesTableLib.obj)
 .debug_line    0x0000000000003b26      0x319 /home/Jason/edk2_workspace/edk2_UDK2018/edk2-vUDK2018/Build/AppPkg/DEBUG_GCC48/X64/MdePkg/Library/UefiApplicationEntryPoint/UefiApplicationEntryPoint/OUTPUT/UefiApplicationEntryPoint.lib(ApplicationEntryPoint.obj)
 .debug_line    0x0000000000003e3f      0x67a /home/Jason/edk2_workspace/edk2_UDK2018/edk2-vUDK2018/Build/AppPkg/DEBUG_GCC48/X64/MdePkg/Library/UefiLib/UefiLib/OUTPUT/UefiLib.lib(UefiLibPrint.obj)
 .debug_line    0x00000000000044b9      0x946 /home/Jason/edk2_workspace/edk2_UDK2018/edk2-vUDK2018/Build/AppPkg/DEBUG_GCC48/X64/MdePkg/Library/UefiLib/UefiLib/OUTPUT/UefiLib.lib(UefiLib.obj)
 .debug_line    0x0000000000004dff      0x32a /home/Jason/edk2_workspace/edk2_UDK2018/edk2-vUDK2018/Build/AppPkg/DEBUG_GCC48/X64/MyTest/systemtable/gRT/RT/OUTPUT/RT.lib(RT.obj)
 .debug_line    0x0000000000005129      0x37c /home/Jason/edk2_workspace/edk2_UDK2018/edk2-vUDK2018/Build/AppPkg/DEBUG_GCC48/X64/MyTest/systemtable/gRT/RT/OUTPUT/RT.lib(AutoGen.obj)

.debug_str      0x0000000000000000     0x394b
 .debug_str     0x0000000000000000      0x212 /home/Jason/edk2_workspace/edk2_UDK2018/edk2-vUDK2018/Build/AppPkg/DEBUG_GCC48/X64/MdePkg/Library/BaseLib/BaseLib/OUTPUT/BaseLib.lib(LShiftU64.obj)
                                        0x240 (size before relaxing)
 .debug_str     0x0000000000000212       0xa6 /home/Jason/edk2_workspace/edk2_UDK2018/edk2-vUDK2018/Build/AppPkg/DEBUG_GCC48/X64/MdePkg/Library/BaseLib/BaseLib/OUTPUT/BaseLib.lib(DivU64x32Remainder.obj)
                                        0x269 (size before relaxing)
 .debug_str     0x00000000000002b8      0x4ad /home/Jason/edk2_workspace/edk2_UDK2018/edk2-vUDK2018/Build/AppPkg/DEBUG_GCC48/X64/MdePkg/Library/BaseLib/BaseLib/OUTPUT/BaseLib.lib(SafeString.obj)
                                        0x7c5 (size before relaxing)
 .debug_str     0x0000000000000765      0x188 /home/Jason/edk2_workspace/edk2_UDK2018/edk2-vUDK2018/Build/AppPkg/DEBUG_GCC48/X64/MdePkg/Library/BaseLib/BaseLib/OUTPUT/BaseLib.lib(Math64.obj)
                                        0x38a (size before relaxing)
 .debug_str     0x00000000000008ed       0xed /home/Jason/edk2_workspace/edk2_UDK2018/edk2-vUDK2018/Build/AppPkg/DEBUG_GCC48/X64/MdePkg/Library/BaseLib/BaseLib/OUTPUT/BaseLib.lib(Unaligned.obj)
                                        0x2c1 (size before relaxing)
 .debug_str     0x00000000000009da       0x9b /home/Jason/edk2_workspace/edk2_UDK2018/edk2-vUDK2018/Build/AppPkg/DEBUG_GCC48/X64/MdePkg/Library/BaseMemoryLib/BaseMemoryLib/OUTPUT/BaseMemoryLib.lib(SetMem.obj)
                                        0x252 (size before relaxing)
 .debug_str     0x0000000000000a75       0x77 /home/Jason/edk2_workspace/edk2_UDK2018/edk2-vUDK2018/Build/AppPkg/DEBUG_GCC48/X64/MdePkg/Library/BaseMemoryLib/BaseMemoryLib/OUTPUT/BaseMemoryLib.lib(ZeroMemWrapper.obj)
                                        0x246 (size before relaxing)
 .debug_str     0x0000000000000aec       0x96 /home/Jason/edk2_workspace/edk2_UDK2018/edk2-vUDK2018/Build/AppPkg/DEBUG_GCC48/X64/MdePkg/Library/BaseMemoryLib/BaseMemoryLib/OUTPUT/BaseMemoryLib.lib(CopyMemWrapper.obj)
                                        0x25e (size before relaxing)
 .debug_str     0x0000000000000b82      0x12b /home/Jason/edk2_workspace/edk2_UDK2018/edk2-vUDK2018/Build/AppPkg/DEBUG_GCC48/X64/MdePkg/Library/BaseMemoryLib/BaseMemoryLib/OUTPUT/BaseMemoryLib.lib(MemLibGeneric.obj)
                                        0x349 (size before relaxing)
 .debug_str     0x0000000000000cad       0xaa /home/Jason/edk2_workspace/edk2_UDK2018/edk2-vUDK2018/Build/AppPkg/DEBUG_GCC48/X64/MdePkg/Library/BaseMemoryLib/BaseMemoryLib/OUTPUT/BaseMemoryLib.lib(CopyMem.obj)
                                        0x27c (size before relaxing)
 .debug_str     0x0000000000000d57       0xfa /home/Jason/edk2_workspace/edk2_UDK2018/edk2-vUDK2018/Build/AppPkg/DEBUG_GCC48/X64/MdePkg/Library/BaseDebugLibNull/BaseDebugLibNull/OUTPUT/BaseDebugLibNull.lib(DebugLib.obj)
                                        0x2c8 (size before relaxing)
 .debug_str     0x0000000000000e51     0x104a /home/Jason/edk2_workspace/edk2_UDK2018/edk2-vUDK2018/Build/AppPkg/DEBUG_GCC48/X64/MdePkg/Library/UefiBootServicesTableLib/UefiBootServicesTableLib/OUTPUT/UefiBootServicesTableLib.lib(UefiBootServicesTableLib.obj)
                                       0x131f (size before relaxing)
 .debug_str     0x0000000000001e9b      0x29f /home/Jason/edk2_workspace/edk2_UDK2018/edk2-vUDK2018/Build/AppPkg/DEBUG_GCC48/X64/MdePkg/Library/BasePrintLib/BasePrintLib/OUTPUT/BasePrintLib.lib(PrintLibInternal.obj)
                                        0x62c (size before relaxing)
 .debug_str     0x000000000000213a      0x1cc /home/Jason/edk2_workspace/edk2_UDK2018/edk2-vUDK2018/Build/AppPkg/DEBUG_GCC48/X64/MdePkg/Library/BasePrintLib/BasePrintLib/OUTPUT/BasePrintLib.lib(PrintLib.obj)
                                        0x479 (size before relaxing)
 .debug_str     0x0000000000002306      0x2a2 /home/Jason/edk2_workspace/edk2_UDK2018/edk2-vUDK2018/Build/AppPkg/DEBUG_GCC48/X64/MdePkg/Library/UefiMemoryAllocationLib/UefiMemoryAllocationLib/OUTPUT/UefiMemoryAllocationLib.lib(MemoryAllocationLib.obj)
                                        0xf4f (size before relaxing)
 .debug_str     0x00000000000025a8       0xa6 /home/Jason/edk2_workspace/edk2_UDK2018/edk2-vUDK2018/Build/AppPkg/DEBUG_GCC48/X64/MdePkg/Library/UefiRuntimeServicesTableLib/UefiRuntimeServicesTableLib/OUTPUT/UefiRuntimeServicesTableLib.lib(UefiRuntimeServicesTableLib.obj)
                                       0x131b (size before relaxing)
 .debug_str     0x000000000000264e       0xfd /home/Jason/edk2_workspace/edk2_UDK2018/edk2-vUDK2018/Build/AppPkg/DEBUG_GCC48/X64/MdePkg/Library/UefiApplicationEntryPoint/UefiApplicationEntryPoint/OUTPUT/UefiApplicationEntryPoint.lib(ApplicationEntryPoint.obj)
                                       0x1361 (size before relaxing)
 .debug_str     0x000000000000274b      0x859 /home/Jason/edk2_workspace/edk2_UDK2018/edk2-vUDK2018/Build/AppPkg/DEBUG_GCC48/X64/MdePkg/Library/UefiLib/UefiLib/OUTPUT/UefiLib.lib(UefiLibPrint.obj)
                                       0x1c79 (size before relaxing)
 .debug_str     0x0000000000002fa4      0x455 /home/Jason/edk2_workspace/edk2_UDK2018/edk2-vUDK2018/Build/AppPkg/DEBUG_GCC48/X64/MdePkg/Library/UefiLib/UefiLib/OUTPUT/UefiLib.lib(UefiLib.obj)
                                       0x1811 (size before relaxing)
 .debug_str     0x00000000000033f9       0xcc /home/Jason/edk2_workspace/edk2_UDK2018/edk2-vUDK2018/Build/AppPkg/DEBUG_GCC48/X64/MyTest/systemtable/gRT/RT/OUTPUT/RT.lib(RT.obj)
                                       0x133d (size before relaxing)
 .debug_str     0x00000000000034c5      0x486 /home/Jason/edk2_workspace/edk2_UDK2018/edk2-vUDK2018/Build/AppPkg/DEBUG_GCC48/X64/MyTest/systemtable/gRT/RT/OUTPUT/RT.lib(AutoGen.obj)
                                       0x195d (size before relaxing)

.debug_frame    0x0000000000000000     0x2fc8
 .debug_frame   0x0000000000000000       0x48 /home/Jason/edk2_workspace/edk2_UDK2018/edk2-vUDK2018/Build/AppPkg/DEBUG_GCC48/X64/MdePkg/Library/BaseLib/BaseLib/OUTPUT/BaseLib.lib(LShiftU64.obj)
 .debug_frame   0x0000000000000048       0x58 /home/Jason/edk2_workspace/edk2_UDK2018/edk2-vUDK2018/Build/AppPkg/DEBUG_GCC48/X64/MdePkg/Library/BaseLib/BaseLib/OUTPUT/BaseLib.lib(DivU64x32Remainder.obj)
 .debug_frame   0x00000000000000a0      0xc60 /home/Jason/edk2_workspace/edk2_UDK2018/edk2-vUDK2018/Build/AppPkg/DEBUG_GCC48/X64/MdePkg/Library/BaseLib/BaseLib/OUTPUT/BaseLib.lib(SafeString.obj)
 .debug_frame   0x0000000000000d00      0x168 /home/Jason/edk2_workspace/edk2_UDK2018/edk2-vUDK2018/Build/AppPkg/DEBUG_GCC48/X64/MdePkg/Library/BaseLib/BaseLib/OUTPUT/BaseLib.lib(Math64.obj)
 .debug_frame   0x0000000000000e68      0x178 /home/Jason/edk2_workspace/edk2_UDK2018/edk2-vUDK2018/Build/AppPkg/DEBUG_GCC48/X64/MdePkg/Library/BaseLib/BaseLib/OUTPUT/BaseLib.lib(Unaligned.obj)
 .debug_frame   0x0000000000000fe0       0x60 /home/Jason/edk2_workspace/edk2_UDK2018/edk2-vUDK2018/Build/AppPkg/DEBUG_GCC48/X64/MdePkg/Library/BaseMemoryLib/BaseMemoryLib/OUTPUT/BaseMemoryLib.lib(SetMem.obj)
 .debug_frame   0x0000000000001040       0x58 /home/Jason/edk2_workspace/edk2_UDK2018/edk2-vUDK2018/Build/AppPkg/DEBUG_GCC48/X64/MdePkg/Library/BaseMemoryLib/BaseMemoryLib/OUTPUT/BaseMemoryLib.lib(ZeroMemWrapper.obj)
 .debug_frame   0x0000000000001098       0x68 /home/Jason/edk2_workspace/edk2_UDK2018/edk2-vUDK2018/Build/AppPkg/DEBUG_GCC48/X64/MdePkg/Library/BaseMemoryLib/BaseMemoryLib/OUTPUT/BaseMemoryLib.lib(CopyMemWrapper.obj)
 .debug_frame   0x0000000000001100      0x108 /home/Jason/edk2_workspace/edk2_UDK2018/edk2-vUDK2018/Build/AppPkg/DEBUG_GCC48/X64/MdePkg/Library/BaseMemoryLib/BaseMemoryLib/OUTPUT/BaseMemoryLib.lib(MemLibGeneric.obj)
 .debug_frame   0x0000000000001208       0x48 /home/Jason/edk2_workspace/edk2_UDK2018/edk2-vUDK2018/Build/AppPkg/DEBUG_GCC48/X64/MdePkg/Library/BaseMemoryLib/BaseMemoryLib/OUTPUT/BaseMemoryLib.lib(CopyMem.obj)
 .debug_frame   0x0000000000001250       0xd8 /home/Jason/edk2_workspace/edk2_UDK2018/edk2-vUDK2018/Build/AppPkg/DEBUG_GCC48/X64/MdePkg/Library/BaseDebugLibNull/BaseDebugLibNull/OUTPUT/BaseDebugLibNull.lib(DebugLib.obj)
 .debug_frame   0x0000000000001328       0x40 /home/Jason/edk2_workspace/edk2_UDK2018/edk2-vUDK2018/Build/AppPkg/DEBUG_GCC48/X64/MdePkg/Library/UefiBootServicesTableLib/UefiBootServicesTableLib/OUTPUT/UefiBootServicesTableLib.lib(UefiBootServicesTableLib.obj)
 .debug_frame   0x0000000000001368      0x1d0 /home/Jason/edk2_workspace/edk2_UDK2018/edk2-vUDK2018/Build/AppPkg/DEBUG_GCC48/X64/MdePkg/Library/BasePrintLib/BasePrintLib/OUTPUT/BasePrintLib.lib(PrintLibInternal.obj)
 .debug_frame   0x0000000000001538      0x5e0 /home/Jason/edk2_workspace/edk2_UDK2018/edk2-vUDK2018/Build/AppPkg/DEBUG_GCC48/X64/MdePkg/Library/BasePrintLib/BasePrintLib/OUTPUT/BasePrintLib.lib(PrintLib.obj)
 .debug_frame   0x0000000000001b18      0x840 /home/Jason/edk2_workspace/edk2_UDK2018/edk2-vUDK2018/Build/AppPkg/DEBUG_GCC48/X64/MdePkg/Library/UefiMemoryAllocationLib/UefiMemoryAllocationLib/OUTPUT/UefiMemoryAllocationLib.lib(MemoryAllocationLib.obj)
 .debug_frame   0x0000000000002358       0x38 /home/Jason/edk2_workspace/edk2_UDK2018/edk2-vUDK2018/Build/AppPkg/DEBUG_GCC48/X64/MdePkg/Library/UefiRuntimeServicesTableLib/UefiRuntimeServicesTableLib/OUTPUT/UefiRuntimeServicesTableLib.lib(UefiRuntimeServicesTableLib.obj)
 .debug_frame   0x0000000000002390       0x98 /home/Jason/edk2_workspace/edk2_UDK2018/edk2-vUDK2018/Build/AppPkg/DEBUG_GCC48/X64/MdePkg/Library/UefiApplicationEntryPoint/UefiApplicationEntryPoint/OUTPUT/UefiApplicationEntryPoint.lib(ApplicationEntryPoint.obj)
 .debug_frame   0x0000000000002428      0x3e8 /home/Jason/edk2_workspace/edk2_UDK2018/edk2-vUDK2018/Build/AppPkg/DEBUG_GCC48/X64/MdePkg/Library/UefiLib/UefiLib/OUTPUT/UefiLib.lib(UefiLibPrint.obj)
 .debug_frame   0x0000000000002810      0x660 /home/Jason/edk2_workspace/edk2_UDK2018/edk2-vUDK2018/Build/AppPkg/DEBUG_GCC48/X64/MdePkg/Library/UefiLib/UefiLib/OUTPUT/UefiLib.lib(UefiLib.obj)
 .debug_frame   0x0000000000002e70       0x88 /home/Jason/edk2_workspace/edk2_UDK2018/edk2-vUDK2018/Build/AppPkg/DEBUG_GCC48/X64/MyTest/systemtable/gRT/RT/OUTPUT/RT.lib(RT.obj)
 .debug_frame   0x0000000000002ef8       0xd0 /home/Jason/edk2_workspace/edk2_UDK2018/edk2-vUDK2018/Build/AppPkg/DEBUG_GCC48/X64/MyTest/systemtable/gRT/RT/OUTPUT/RT.lib(AutoGen.obj)
